Component: Arm Compiler for Embedded 6.22 Tool: armlink [5ee90200]

==============================================================================

Section Cross References

    main.o(.text.main) refers to systick_delay.o(.text.SysTick_Delay_Init) for SysTick_Delay_Init
    main.o(.text.main) refers to edubase_lcd.o(.text.EduBase_LCD_Init) for EduBase_LCD_Init
    main.o(.text.main) refers to main.o(.data.right_arrow) for right_arrow
    main.o(.text.main) refers to edubase_lcd.o(.text.EduBase_LCD_Create_Custom_Character) for EduBase_LCD_Create_Custom_Character
    main.o(.text.main) refers to gpio.o(.text.EduBase_LEDs_Init) for EduBase_LEDs_Init
    main.o(.text.main) refers to pmod_enc.o(.text.PMOD_ENC_Init) for PMOD_ENC_Init
    main.o(.text.main) refers to main.o(.text.PMOD_ENC_Task) for PMOD_ENC_Task
    main.o(.text.main) refers to timer_1a_interrupt.o(.text.Timer_1A_Interrupt_Init) for Timer_1A_Interrupt_Init
    main.o(.text.main) refers to pmod_enc.o(.text.PMOD_ENC_Get_State) for PMOD_ENC_Get_State
    main.o(.text.main) refers to main.o(.bss.last_state) for last_state
    main.o(.text.main) refers to main.o(.data.prev_main_menu_counter) for prev_main_menu_counter
    main.o(.text.main) refers to main.o(.bss.main_menu_counter) for main_menu_counter
    main.o(.text.main) refers to edubase_lcd.o(.text.EduBase_LCD_Clear_Display) for EduBase_LCD_Clear_Display
    main.o(.text.main) refers to main.o(.text.Display_Main_Menu) for Display_Main_Menu
    main.o(.text.main) refers to main.o(.text.Process_Main_Menu_Selection) for Process_Main_Menu_Selection
    main.o(.text.main) refers to systick_delay.o(.text.SysTick_Delay1ms) for SysTick_Delay1ms
    main.o(.ARM.exidx.text.main) refers to main.o(.text.main) for [Anonymous Symbol]
    main.o(.text.PMOD_ENC_Task) refers to pmod_enc.o(.text.PMOD_ENC_Get_State) for PMOD_ENC_Get_State
    main.o(.text.PMOD_ENC_Task) refers to main.o(.bss.state) for state
    main.o(.text.PMOD_ENC_Task) refers to pmod_enc.o(.text.PMOD_ENC_Button_Read) for PMOD_ENC_Button_Read
    main.o(.text.PMOD_ENC_Task) refers to main.o(.bss.last_state) for last_state
    main.o(.text.PMOD_ENC_Task) refers to main.o(.bss.pmod_enc_btn_pressed) for pmod_enc_btn_pressed
    main.o(.text.PMOD_ENC_Task) refers to main.o(.bss.main_menu_counter) for main_menu_counter
    main.o(.text.PMOD_ENC_Task) refers to pmod_enc.o(.text.PMOD_ENC_Get_Rotation) for PMOD_ENC_Get_Rotation
    main.o(.ARM.exidx.text.PMOD_ENC_Task) refers to main.o(.text.PMOD_ENC_Task) for [Anonymous Symbol]
    main.o(.text.Display_Main_Menu) refers to edubase_lcd.o(.text.EduBase_LCD_Set_Cursor) for EduBase_LCD_Set_Cursor
    main.o(.text.Display_Main_Menu) refers to edubase_lcd.o(.text.EduBase_LCD_Send_Data) for EduBase_LCD_Send_Data
    main.o(.text.Display_Main_Menu) refers to main.o(.rodata.str1.1) for .L.str
    main.o(.text.Display_Main_Menu) refers to edubase_lcd.o(.text.EduBase_LCD_Display_String) for EduBase_LCD_Display_String
    main.o(.ARM.exidx.text.Display_Main_Menu) refers to main.o(.text.Display_Main_Menu) for [Anonymous Symbol]
    main.o(.text.Process_Main_Menu_Selection) refers to main.o(.bss.pmod_enc_btn_pressed) for pmod_enc_btn_pressed
    main.o(.text.Process_Main_Menu_Selection) refers to main.o(.data.prev_main_menu_counter) for prev_main_menu_counter
    main.o(.text.Process_Main_Menu_Selection) refers to main.o(.bss.main_menu_counter) for main_menu_counter
    main.o(.text.Process_Main_Menu_Selection) refers to quiz_logic.o(.text.start_quiz) for start_quiz
    main.o(.ARM.exidx.text.Process_Main_Menu_Selection) refers to main.o(.text.Process_Main_Menu_Selection) for [Anonymous Symbol]
    gpio.o(.ARM.exidx.text.RGB_LED_Init) refers to gpio.o(.text.RGB_LED_Init) for [Anonymous Symbol]
    gpio.o(.ARM.exidx.text.RGB_LED_Output) refers to gpio.o(.text.RGB_LED_Output) for [Anonymous Symbol]
    gpio.o(.ARM.exidx.text.RGB_LED_Status) refers to gpio.o(.text.RGB_LED_Status) for [Anonymous Symbol]
    gpio.o(.ARM.exidx.text.EduBase_LEDs_Init) refers to gpio.o(.text.EduBase_LEDs_Init) for [Anonymous Symbol]
    gpio.o(.ARM.exidx.text.EduBase_LEDs_Output) refers to gpio.o(.text.EduBase_LEDs_Output) for [Anonymous Symbol]
    gpio.o(.ARM.exidx.text.EduBase_Button_Init) refers to gpio.o(.text.EduBase_Button_Init) for [Anonymous Symbol]
    gpio.o(.ARM.exidx.text.Get_EduBase_Button_Status) refers to gpio.o(.text.Get_EduBase_Button_Status) for [Anonymous Symbol]
    edubase_lcd.o(.ARM.exidx.text.EduBase_LCD_Ports_Init) refers to edubase_lcd.o(.text.EduBase_LCD_Ports_Init) for [Anonymous Symbol]
    edubase_lcd.o(.text.EduBase_LCD_Pulse_Enable) refers to systick_delay.o(.text.SysTick_Delay1us) for SysTick_Delay1us
    edubase_lcd.o(.ARM.exidx.text.EduBase_LCD_Pulse_Enable) refers to edubase_lcd.o(.text.EduBase_LCD_Pulse_Enable) for [Anonymous Symbol]
    edubase_lcd.o(.text.EduBase_LCD_Write_4_Bits) refers to edubase_lcd.o(.text.EduBase_LCD_Pulse_Enable) for EduBase_LCD_Pulse_Enable
[...]
    .ARM.Collect$$_printf_percent$$00000001  0x0000034c   Section        6  _printf_n.o(.ARM.Collect$$_printf_percent$$00000001)
    .ARM.Collect$$_printf_percent$$00000002  0x00000352   Section        6  _printf_p.o(.ARM.Collect$$_printf_percent$$00000002)
    .ARM.Collect$$_printf_percent$$00000003  0x00000358   Section        6  _printf_f.o(.ARM.Collect$$_printf_percent$$00000003)
    .ARM.Collect$$_printf_percent$$00000004  0x0000035e   Section        6  _printf_e.o(.ARM.Collect$$_printf_percent$$00000004)
    .ARM.Collect$$_printf_percent$$00000005  0x00000364   Section        6  _printf_g.o(.ARM.Collect$$_printf_percent$$00000005)
    .ARM.Collect$$_printf_percent$$00000006  0x0000036a   Section        6  _printf_a.o(.ARM.Collect$$_printf_percent$$00000006)
    .ARM.Collect$$_printf_percent$$00000007  0x00000370   Section       10  _printf_ll.o(.ARM.Collect$$_printf_percent$$00000007)
    .ARM.Collect$$_printf_percent$$00000008  0x0000037a   Section        6  _printf_i.o(.ARM.Collect$$_printf_percent$$00000008)
    .ARM.Collect$$_printf_percent$$00000009  0x00000380   Section        6  _printf_d.o(.ARM.Collect$$_printf_percent$$00000009)
    .ARM.Collect$$_printf_percent$$0000000A  0x00000386   Section        6  _printf_u.o(.ARM.Collect$$_printf_percent$$0000000A)
    .ARM.Collect$$_printf_percent$$0000000B  0x0000038c   Section        6  _printf_o.o(.ARM.Collect$$_printf_percent$$0000000B)
    .ARM.Collect$$_printf_percent$$0000000C  0x00000392   Section        6  _printf_x.o(.ARM.Collect$$_printf_percent$$0000000C)
    .ARM.Collect$$_printf_percent$$0000000D  0x00000398   Section        6  _printf_lli.o(.ARM.Collect$$_printf_percent$$0000000D)
    .ARM.Collect$$_printf_percent$$0000000E  0x0000039e   Section        6  _printf_lld.o(.ARM.Collect$$_printf_percent$$0000000E)
    .ARM.Collect$$_printf_percent$$0000000F  0x000003a4   Section        6  _printf_llu.o(.ARM.Collect$$_printf_percent$$0000000F)
    .ARM.Collect$$_printf_percent$$00000010  0x000003aa   Section        6  _printf_llo.o(.ARM.Collect$$_printf_percent$$00000010)
    .ARM.Collect$$_printf_percent$$00000011  0x000003b0   Section        6  _printf_llx.o(.ARM.Collect$$_printf_percent$$00000011)
    .ARM.Collect$$_printf_percent$$00000012  0x000003b6   Section       10  _printf_l.o(.ARM.Collect$$_printf_percent$$00000012)
    .ARM.Collect$$_printf_percent$$00000013  0x000003c0   Section        6  _printf_c.o(.ARM.Collect$$_printf_percent$$00000013)
    .ARM.Collect$$_printf_percent$$00000014  0x000003c6   Section        6  _printf_s.o(.ARM.Collect$$_printf_percent$$00000014)
    .ARM.Collect$$_printf_percent$$00000015  0x000003cc   Section        6  _printf_lc.o(.ARM.Collect$$_printf_percent$$00000015)
    .ARM.Collect$$_printf_percent$$00000016  0x000003d2   Section        6  _printf_ls.o(.ARM.Collect$$_printf_percent$$00000016)
    .ARM.Collect$$_printf_percent$$00000017  0x000003d8   Section        4  _printf_percent_end.o(.ARM.Collect$$_printf_percent$$00000017)
    .ARM.Collect$$libinit$$00000000          0x000003dc   Section        2  libinit.o(.ARM.Collect$$libinit$$00000000)
    .ARM.Collect$$libinit$$00000001          0x000003de   Section        4  libinit2.o(.ARM.Collect$$libinit$$00000001)
    .ARM.Collect$$libinit$$00000004          0x000003e2   Section        0  libinit2.o(.ARM.Collect$$libinit$$00000004)
    .ARM.Collect$$libinit$$00000006          0x000003e2   Section        0  libinit2.o(.ARM.Collect$$libinit$$00000006)
    .ARM.Collect$$libinit$$0000000C          0x000003e2   Section        0  libinit2.o(.ARM.Collect$$libinit$$0000000C)
    .ARM.Collect$$libinit$$0000000E          0x000003e2   Section        0  libinit2.o(.ARM.Collect$$libinit$$0000000E)
    .ARM.Collect$$libinit$$0000000F          0x000003e2   Section        4  libinit2.o(.ARM.Collect$$libinit$$0000000F)
    .ARM.Collect$$libinit$$00000010          0x000003e6   Section        0  libinit2.o(.ARM.Collect$$libinit$$00000010)
    .ARM.Collect$$libinit$$00000011          0x000003e6   Section        6  libinit2.o(.ARM.Collect$$libinit$$00000011)
    .ARM.Collect$$libinit$$00000013          0x000003ec   Section        0  libinit2.o(.ARM.Collect$$libinit$$00000013)
    .ARM.Collect$$libinit$$00000014          0x000003ec   Section       12  libinit2.o(.ARM.Collect$$libinit$$00000014)
    .ARM.Collect$$libinit$$00000015          0x000003f8   Section        0  libinit2.o(.ARM.Collect$$libinit$$00000015)
    .ARM.Collect$$libinit$$00000017          0x000003f8   Section        0  libinit2.o(.ARM.Collect$$libinit$$00000017)
    .ARM.Collect$$libinit$$00000018          0x000003f8   Section       10  libinit2.o(.ARM.Collect$$libinit$$00000018)
    .ARM.Collect$$libinit$$00000019          0x00000402   Section        0  libinit2.o(.ARM.Collect$$libinit$$00000019)
    .ARM.Collect$$libinit$$0000001B          0x00000402   Section        0  libinit2.o(.ARM.Collect$$libinit$$0000001B)
    .ARM.Collect$$libinit$$0000001D          0x00000402   Section        0  libinit2.o(.ARM.Collect$$libinit$$0000001D)
    .ARM.Collect$$libinit$$0000001F          0x00000402   Section        0  libinit2.o(.ARM.Collect$$libinit$$0000001F)
    .ARM.Collect$$libinit$$00000021          0x00000402   Section        0  libinit2.o(.ARM.Collect$$libinit$$00000021)
    .ARM.Collect$$libinit$$00000023          0x00000402   Section        0  libinit2.o(.ARM.Collect$$libinit$$00000023)
    .ARM.Collect$$libinit$$00000025          0x00000402   Section        0  libinit2.o(.ARM.Collect$$libinit$$00000025)
    .ARM.Collect$$libinit$$00000027          0x00000402   Section        0  libinit2.o(.ARM.Collect$$libinit$$00000027)
    .ARM.Collect$$libinit$$0000002E          0x00000402   Section        0  libinit2.o(.ARM.Collect$$libinit$$0000002E)
    .ARM.Collect$$libinit$$00000030          0x00000402   Section        0  libinit2.o(.ARM.Collect$$libinit$$00000030)
    .ARM.Collect$$libinit$$00000032          0x00000402   Section        0  libinit2.o(.ARM.Collect$$libinit$$00000032)
    .ARM.Collect$$libinit$$00000034          0x00000402   Section        0  libinit2.o(.ARM.Collect$$libinit$$00000034)
    .ARM.Collect$$libinit$$00000035          0x00000402   Section        2  libinit2.o(.ARM.Collect$$libinit$$00000035)
    .ARM.Collect$$libshutdown$$00000000      0x00000404   Section        2  libshutdown.o(.ARM.Collect$$libshutdown$$00000000)
    .ARM.Collect$$libshutdown$$00000002      0x00000406   Section        0  libshutdown2.o(.ARM.Collect$$libshutdown$$00000002)
    .ARM.Collect$$libshutdown$$00000004      0x00000406   Section        0  libshutdown2.o(.ARM.Collect$$libshutdown$$00000004)
    .ARM.Collect$$libshutdown$$00000007      0x00000406   Section        0  libshutdown2.o(.ARM.Collect$$libshutdown$$00000007)
    .ARM.Collect$$libshutdown$$0000000A      0x00000406   Section        0  libshutdown2.o(.ARM.Collect$$libshutdown$$0000000A)
    .ARM.Collect$$libshutdown$$0000000C      0x00000406   Section        0  libshutdown2.o(.ARM.Collect$$libshutdown$$0000000C)
    .ARM.Collect$$libshutdown$$0000000F      0x00000406   Section        0  libshutdown2.o(.ARM.Collect$$libshutdown$$0000000F)
    .ARM.Collect$$libshutdown$$00000010      0x00000406   Section        2  libshutdown2.o(.ARM.Collect$$libshutdown$$00000010)
    .ARM.Collect$$rtentry$$00000000          0x00000408   Section        0  __rtentry.o(.ARM.Collect$$rtentry$$00000000)
    .ARM.Collect$$rtentry$$00000002          0x00000408   Section        0  __rtentry2.o(.ARM.Collect$$rtentry$$00000002)
    .ARM.Collect$$rtentry$$00000004          0x00000408   Section        6  __rtentry4.o(.ARM.Collect$$rtentry$$00000004)
    .ARM.Collect$$rtentry$$00000009          0x0000040e   Section        0  __rtentry2.o(.ARM.Collect$$rtentry$$00000009)
    .ARM.Collect$$rtentry$$0000000A          0x0000040e   Section        4  __rtentry2.o(.ARM.Collect$$rtentry$$0000000A)
    .ARM.Collect$$rtentry$$0000000C          0x00000412   Section        0  __rtentry2.o(.ARM.Collect$$rtentry$$0000000C)
    .ARM.Collect$$rtentry$$0000000D          0x00000412   Section        8  __rtentry2.o(.ARM.Collect$$rtentry$$0000000D)
    .ARM.Collect$$rtexit$$00000000           0x0000041a   Section        2  rtexit.o(.ARM.Collect$$rtexit$$00000000)
    .ARM.Collect$$rtexit$$00000002           0x0000041c   Section        0  rtexit2.o(.ARM.Collect$$rtexit$$00000002)
    .ARM.Collect$$rtexit$$00000003           0x0000041c   Section        4  rtexit2.o(.ARM.Collect$$rtexit$$00000003)
    .ARM.Collect$$rtexit$$00000004           0x00000420   Section        6  rtexit2.o(.ARM.Collect$$rtexit$$00000004)
    .emb_text                                0x00000428   Section       52  rand.o(.emb_text)
    $v0                                      0x0000045c   Number         0  startup_tm4c123.o(.text)
    .text                                    0x0000045c   Section      276  startup_tm4c123.o(.text)
    .text                                    0x00000570   Section        0  snprintf.o(.text)
    .text                                    0x000005b0   Section        0  rand.o(.text)
    .text                                    0x000005ec   Section        0  strlen.o(.text)
    .text                                    0x0000062a   Section      100  rt_memcpy_w.o(.text)
    .text                                    0x0000068e   Section        0  heapauxi.o(.text)
    .text                                    0x00000694   Section        0  _printf_pad.o(.text)
    .text                                    0x000006e2   Section        0  _printf_truncate.o(.text)
    .text                                    0x00000706   Section        0  _printf_str.o(.text)
    .text                                    0x00000758   Section        0  _printf_dec.o(.text)
    .text                                    0x000007d0   Section        0  _printf_charcount.o(.text)
    _printf_input_char                       0x000007f9   Thumb Code    10  _printf_char_common.o(.text)
    .text                                    0x000007f8   Section        0  _printf_char_common.o(.text)
    .text                                    0x00000828   Section        0  _snputc.o(.text)
    .text                                    0x00000838   Section        0  _printf_wctomb.o(.text)
    .text                                    0x000008f4   Section        0  _printf_longlong_dec.o(.text)
    _printf_longlong_oct_internal            0x00000971   Thumb Code     0  _printf_oct_int_ll.o(.text)
    .text                                    0x00000970   Section        0  _printf_oct_int_ll.o(.text)
    _printf_hex_common                       0x000009e1   Thumb Code     0  _printf_hex_int_ll_ptr.o(.text)
    .text                                    0x000009e0   Section        0  _printf_hex_int_ll_ptr.o(.text)
    .text                                    0x00000a74   Section        0  __printf_flags_ss_wp.o(.text)
    .text                                    0x00000bfc   Section      138  lludiv10.o(.text)
    .text                                    0x00000c86   Section        0  _printf_intcommon.o(.text)
    _fp_digits                               0x00000d39   Thumb Code   432  _printf_fp_dec.o(.text)
    .text                                    0x00000d38   Section        0  _printf_fp_dec.o(.text)
    .text                                    0x00001154   Section        0  _printf_fp_hex.o(.text)
    .text                                    0x00001450   Section        0  _printf_char.o(.text)
    .text                                    0x0000147c   Section        0  _printf_wchar.o(.text)
    .text                                    0x000014a8   Section        0  _c16rtomb.o(.text)
    .text                                    0x000014f0   Section       74  sys_stackheap_outer.o(.text)
    .text                                    0x0000153c   Section       16  rt_ctype_table.o(.text)
    .text                                    0x0000154c   Section        8  rt_locale_intlibspace.o(.text)
    .text                                    0x00001554   Section        0  _printf_fp_infnan.o(.text)
    .text                                    0x000015d4   Section        0  bigflt0.o(.text)
    .text                                    0x000016b8   Section        0  exit.o(.text)
    .text                                    0x000016cc   Section        8  libspace.o(.text)
    .text                                    0x000016d8   Section      124  strcmpv7em.o(.text)
    .text                                    0x00001754   Section        2  use_no_semi.o(.text)
    .text                                    0x00001756   Section        0  indicate_semi.o(.text)
    .text                                    0x00001758   Section        0  sys_exit.o(.text)
    [Anonymous Symbol]                       0x00001764   Section        0  main.o(.text.Display_Main_Menu)
    [Anonymous Symbol]                       0x0000179c   Section        0  edubase_lcd.o(.text.EduBase_LCD_Clear_Display)
    [Anonymous Symbol]                       0x000017a8   Section        0  edubase_lcd.o(.text.EduBase_LCD_Create_Custom_Character)
    [Anonymous Symbol]                       0x000017f8   Section        0  edubase_lcd.o(.text.EduBase_LCD_Disable_Cursor)
    [Anonymous Symbol]                       0x00001818   Section        0  edubase_lcd.o(.text.EduBase_LCD_Disable_Cursor_Blink)
    [Anonymous Symbol]                       0x00001838   Section        0  edubase_lcd.o(.text.EduBase_LCD_Display_String)
    [Anonymous Symbol]                       0x00001870   Section        0  edubase_lcd.o(.text.EduBase_LCD_Enable_Display)
    [Anonymous Symbol]                       0x00001890   Section        0  edubase_lcd.o(.text.EduBase_LCD_Init)
    [Anonymous Symbol]                       0x000018f8   Section        0  edubase_lcd.o(.text.EduBase_LCD_Ports_Init)
    [Anonymous Symbol]                       0x000019dc   Section        0  edubase_lcd.o(.text.EduBase_LCD_Pulse_Enable)
    [Anonymous Symbol]                       0x00001a18   Section        0  edubase_lcd.o(.text.EduBase_LCD_Return_Home)
    [Anonymous Symbol]                       0x00001a24   Section        0  edubase_lcd.o(.text.EduBase_LCD_Send_Command)
    [Anonymous Symbol]                       0x00001a6c   Section        0  edubase_lcd.o(.text.EduBase_LCD_Send_Data)
    [Anonymous Symbol]                       0x00001a98   Section        0  edubase_lcd.o(.text.EduBase_LCD_Set_Cursor)
    [Anonymous Symbol]                       0x00001ae8   Section        0  edubase_lcd.o(.text.EduBase_LCD_Write_4_Bits)
    [Anonymous Symbol]                       0x00001b5c   Section        0  gpio.o(.text.EduBase_LEDs_Init)
    [Anonymous Symbol]                       0x00001bb0   Section        0  pmod_enc.o(.text.PMOD_ENC_Button_Read)
    [Anonymous Symbol]                       0x00001bc4   Section        0  pmod_enc.o(.text.PMOD_ENC_Get_Rotation)
    [Anonymous Symbol]                       0x00001c08   Section        0  pmod_enc.o(.text.PMOD_ENC_Get_State)
    [Anonymous Symbol]                       0x00001c24   Section        0  pmod_enc.o(.text.PMOD_ENC_Init)
    [Anonymous Symbol]                       0x00001c68   Section        0  main.o(.text.PMOD_ENC_Task)
    [Anonymous Symbol]                       0x00001d30   Section        0  main.o(.text.Process_Main_Menu_Selection)
    [Anonymous Symbol]                       0x00001d8c   Section        0  systick_delay.o(.text.SysTick_Delay1ms)
    [Anonymous Symbol]                       0x00001dd8   Section        0  systick_delay.o(.text.SysTick_Delay1us)
    [Anonymous Symbol]                       0x00001e04   Section        0  systick_delay.o(.text.SysTick_Delay_Init)
    [Anonymous Symbol]                       0x00001e30   Section        0  systick_delay.o(.text.SysTick_Handler)
    [Anonymous Symbol]                       0x00001e78   Section        0  system_tm4c123.o(.text.SystemInit)
    [Anonymous Symbol]                       0x00001f84   Section        0  timer_1a_interrupt.o(.text.TIMER1A_Handler)
    [Anonymous Symbol]                       0x00001fb8   Section        0  timer_1a_interrupt.o(.text.Timer_1A_Interrupt_Init)
    [Anonymous Symbol]                       0x00002078   Section        0  quiz_logic.o(.text.checkAnswer)
    [Anonymous Symbol]                       0x00002098   Section        0  main.o(.text.main)
    [Anonymous Symbol]                       0x00002124   Section        0  quiz_logic.o(.text.start_quiz)
    CL$$btod_d2e                             0x00002504   Section       62  btod.o(CL$$btod_d2e)
    CL$$btod_d2e_denorm_low                  0x00002542   Section       70  btod.o(CL$$btod_d2e_denorm_low)
    CL$$btod_d2e_norm_op1                    0x00002588   Section       96  btod.o(CL$$btod_d2e_norm_op1)
    CL$$btod_div_common                      0x000025e8   Section      824  btod.o(CL$$btod_div_common)
    CL$$btod_e2e                             0x00002920   Section      220  btod.o(CL$$btod_e2e)
    CL$$btod_ediv                            0x000029fc   Section       42  btod.o(CL$$btod_ediv)
    CL$$btod_emul                            0x00002a26   Section       42  btod.o(CL$$btod_emul)
    CL$$btod_mult_common                     0x00002a50   Section      580  btod.o(CL$$btod_mult_common)
    i.__ARM_fpclassify                       0x00002c94   Section        0  fpclassify.o(i.__ARM_fpclassify)
    i._is_digit                              0x00002cc4   Section        0  __printf_wp.o(i._is_digit)
    locale$$code                             0x00002cd4   Section       44  lc_numeric_c.o(locale$$code)
    locale$$code                             0x00002d00   Section       44  lc_ctype_c.o(locale$$code)
    $v0                                      0x00002d2c   Number         0  fpinit.o(x$fpl$fpinit)
    x$fpl$fpinit                             0x00002d2c   Section       26  fpinit.o(x$fpl$fpinit)
    $v0                                      0x00002d46   Number         0  printf1.o(x$fpl$printf1)
    x$fpl$printf1                            0x00002d46   Section        4  printf1.o(x$fpl$printf1)
    $v0                                      0x00002d4a   Number         0  printf2.o(x$fpl$printf2)
    x$fpl$printf2                            0x00002d4a   Section        4  printf2.o(x$fpl$printf2)
    x$fpl$usenofp                            0x00002d4e   Section        0  usenofp.o(x$fpl$usenofp)
    initial_mbstate                          0x00002d50   Data           8  _printf_wctomb.o(.constdata)
    .constdata                               0x00002d50   Section        8  _printf_wctomb.o(.constdata)
    uc_hextab                                0x00002d58   Data          20  _printf_hex_int_ll_ptr.o(.constdata)
    .constdata                               0x00002d58   Section       40  _printf_hex_int_ll_ptr.o(.constdata)
    lc_hextab                                0x00002d6c   Data          20  _printf_hex_int_ll_ptr.o(.constdata)
    maptable                                 0x00002d80   Data          17  __printf_flags_ss_wp.o(.constdata)
    .constdata                               0x00002d80   Section       17  __printf_flags_ss_wp.o(.constdata)
    lc_hextab                                0x00002d91   Data          19  _printf_fp_hex.o(.constdata)
    .constdata                               0x00002d91   Section       38  _printf_fp_hex.o(.constdata)
    uc_hextab                                0x00002da4   Data          19  _printf_fp_hex.o(.constdata)
    tenpwrs_x                                0x00002db8   Data          60  bigflt0.o(.constdata)
    .constdata                               0x00002db8   Section      148  bigflt0.o(.constdata)
    tenpwrs_i                                0x00002df4   Data          64  bigflt0.o(.constdata)
    .L.str                                   0x00002e4c   Data          11  main.o(.rodata.str1.1)
    [Anonymous Symbol]                       0x00002e4c   Section        0  main.o(.rodata.str1.1)
    .L.str.5                                 0x00002e57   Data          16  quiz_logic.o(.rodata.str1.1)
    [Anonymous Symbol]                       0x00002e57   Section        0  quiz_logic.o(.rodata.str1.1)
    .L.str.2                                 0x00002e67   Data           9  quiz_logic.o(.rodata.str1.1)
    .L.str.3                                 0x00002e70   Data          11  quiz_logic.o(.rodata.str1.1)
    .L.str.6                                 0x00002e7b   Data          13  quiz_logic.o(.rodata.str1.1)
    .L.str.4                                 0x00002e88   Data          11  quiz_logic.o(.rodata.str1.1)
    .L.str.1                                 0x00002e93   Data           6  quiz_logic.o(.rodata.str1.1)
    .L.str                                   0x00002e99   Data           6  quiz_logic.o(.rodata.str1.1)
    locale$$data                             0x00002ec0   Section       28  lc_numeric_c.o(locale$$data)
    __lcnum_c_name                           0x00002ec4   Data           2  lc_numeric_c.o(locale$$data)
    __lcnum_c_start                          0x00002ecc   Data           0  lc_numeric_c.o(locale$$data)
    __lcnum_c_point                          0x00002ed8   Data           0  lc_numeric_c.o(locale$$data)
    __lcnum_c_thousands                      0x00002eda   Data           0  lc_numeric_c.o(locale$$data)
    __lcnum_c_grouping                       0x00002edb   Data           0  lc_numeric_c.o(locale$$data)
    __lcnum_c_end                            0x00002edc   Data           0  lc_numeric_c.o(locale$$data)
    locale$$data                             0x00002edc   Section      272  lc_ctype_c.o(locale$$data)
    __lcctype_c_name                         0x00002ee0   Data           2  lc_ctype_c.o(locale$$data)
    __lcctype_c_start                        0x00002ee8   Data           0  lc_ctype_c.o(locale$$data)
    __lcctype_c_end                          0x00002fec   Data           0  lc_ctype_c.o(locale$$data)
    prev_main_menu_counter                   0x20000000   Data           4  main.o(.data.prev_main_menu_counter)
    [Anonymous Symbol]                       0x20000000   Section        0  main.o(.data.prev_main_menu_counter)
    right_arrow                              0x20003268   Data           8  main.o(.data.right_arrow)
    [Anonymous Symbol]                       0x20003268   Section        0  main.o(.data.right_arrow)
    .bss                                     0x20003270   Section      228  rand.o(.bss)
    .bss                                     0x20003354   Section       96  libspace.o(.bss)
    display_control                          0x200033b8   Data           1  edubase_lcd.o(.bss.display_control)
    [Anonymous Symbol]                       0x200033b8   Section        0  edubase_lcd.o(.bss.display_control)
    last_state                               0x200033b9   Data           1  main.o(.bss.last_state)
    [Anonymous Symbol]                       0x200033b9   Section        0  main.o(.bss.last_state)
    main_menu_counter                        0x200033bc   Data           4  main.o(.bss.main_menu_counter)
    [Anonymous Symbol]                       0x200033bc   Section        0  main.o(.bss.main_menu_counter)
    ms_active                                0x200033c0   Data           1  systick_delay.o(.bss.ms_active)
    [Anonymous Symbol]                       0x200033c0   Section        0  systick_delay.o(.bss.ms_active)
    ms_elapsed                               0x200033c4   Data           4  systick_delay.o(.bss.ms_elapsed)
    [Anonymous Symbol]                       0x200033c4   Section        0  systick_delay.o(.bss.ms_elapsed)
    pmod_enc_btn_pressed                     0x200033c8   Data           1  main.o(.bss.pmod_enc_btn_pressed)
    [Anonymous Symbol]                       0x200033c8   Section        0  main.o(.bss.pmod_enc_btn_pressed)
    state                                    0x200033c9   Data           1  main.o(.bss.state)
    [Anonymous Symbol]                       0x200033c9   Section        0  main.o(.bss.state)
    us_elapsed                               0x200033cc   Data           4  systick_delay.o(.bss.us_elapsed)
    [Anonymous Symbol]                       0x200033cc   Section        0  systick_delay.o(.bss.us_elapsed)
    Heap_Mem                                 0x200033d0   Data           0  startup_tm4c123.o(HEAP)
    Stack_Mem                                0x200033d0   Data         512  startup_tm4c123.o(STACK)
    HEAP                                     0x200033d0   Section        0  startup_tm4c123.o(HEAP)
    STACK                                    0x200033d0   Section      512  startup_tm4c123.o(STACK)
    __initial_sp                             0x200035d0   Data           0  startup_tm4c123.o(STACK)

    Global Symbols

    Symbol Name                              Value     Ov Type        Size  Object(Section)

    BuildAttributes$$THM_ISAv4$E$P$D$K$B$S$7EM$VFPi3$EXTD16$VFPS$VFMA$PE$A:L22UL41UL21$X:L11$S22US41US21$IEEE1$IW$~IW$USESV6$~STKCKD$USESV7$~SHL$OTIME$ROPI$IEEEJ$EBA8$UX$STANDARDLIB$REQ8$PRES8$EABIv2 0x00000000   Number         0  anon$$obj.o ABSOLUTE
    __Vectors                                0x00000000   Data           4  startup_tm4c123.o(RESET)
    _printf_flags                            0x00000000   Number         0  printf_stubs.o ABSOLUTE
    _printf_return_value                     0x00000000   Number         0  printf_stubs.o ABSOLUTE
    _printf_sizespec                         0x00000000   Number         0  printf_stubs.o ABSOLUTE
    _printf_widthprec                        0x00000000   Number         0  printf_stubs.o ABSOLUTE
    __ARM_exceptions_init                     - Undefined Weak Reference
    __alloca_initialize                       - Undefined Weak Reference
    __arm_preinit_                            - Undefined Weak Reference
    __arm_relocate_pie_                       - Undefined Weak Reference
    __cpp_initialize__aeabi_                  - Undefined Weak Reference
    __cxa_finalize                            - Undefined Weak Reference
    __sigvec_lookup                           - Undefined Weak Reference
    _atexit_init                              - Undefined Weak Reference
    _call_atexit_fns                          - Undefined Weak Reference
    _clock_init                               - Undefined Weak Reference
    _fp_trap_init                             - Undefined Weak Reference
    _fp_trap_shutdown                         - Undefined Weak Reference
    _get_lc_collate                           - Undefined Weak Reference
    _get_lc_monetary                          - Undefined Weak Reference
    _get_lc_time                              - Undefined Weak Reference
    _getenv_init                              - Undefined Weak Reference
    _handle_redirection                       - Undefined Weak Reference
    _init_alloc                               - Undefined Weak Reference
    _init_user_alloc                          - Undefined Weak Reference
    _initio                                   - Undefined Weak Reference
    _printf_mbtowc                            - Undefined Weak Reference
    _printf_wc                                - Undefined Weak Reference
    _signal_finish                            - Undefined Weak Reference
    _signal_init                              - Undefined Weak Reference
    _terminate_alloc                          - Undefined Weak Reference
    _terminate_user_alloc                     - Undefined Weak Reference
    _terminateio                              - Undefined Weak Reference
    __Vectors_End                            0x0000026c   Data           0  startup_tm4c123.o(RESET)
    __Vectors_Size                           0x0000026c   Number         0  startup_tm4c123.o ABSOLUTE
    __main                                   0x0000026d   Thumb Code     8  __main.o(!!!main)
    __scatterload                            0x00000275   Thumb Code     0  __scatter.o(!!!scatter)
    __scatterload_rt2                        0x00000275   Thumb Code    84  __scatter.o(!!!scatter)
    __scatterload_rt2_thumb_only             0x00000275   Thumb Code     0  __scatter.o(!!!scatter)
    __scatterload_loop                       0x0000027f   Thumb Code     0  __scatter.o(!!!scatter)
    __decompress                             0x000002d1   Thumb Code    90  __dczerorl2.o(!!dczerorl2)
    __decompress1                            0x000002d1   Thumb Code     0  __dczerorl2.o(!!dczerorl2)
    __scatterload_null                       0x0000032d   Thumb Code     2  __scatter.o(!!handler_null)
    __scatterload_zeroinit                   0x00000331   Thumb Code    28  __scatter_zi.o(!!handler_zi)
    _printf_n                                0x0000034d   Thumb Code     0  _printf_n.o(.ARM.Collect$$_printf_percent$$00000001)
    _printf_percent                          0x0000034d   Thumb Code     0  _printf_percent.o(.ARM.Collect$$_printf_percent$$00000000)
    _printf_p                                0x00000353   Thumb Code     0  _printf_p.o(.ARM.Collect$$_printf_percent$$00000002)
    _printf_f                                0x00000359   Thumb Code     0  _printf_f.o(.ARM.Collect$$_printf_percent$$00000003)
    _printf_e                                0x0000035f   Thumb Code     0  _printf_e.o(.ARM.Collect$$_printf_percent$$00000004)
    _printf_g                                0x00000365   Thumb Code     0  _printf_g.o(.ARM.Collect$$_printf_percent$$00000005)
    _printf_a                                0x0000036b   Thumb Code     0  _printf_a.o(.ARM.Collect$$_printf_percent$$00000006)
    _printf_ll                               0x00000371   Thumb Code     0  _printf_ll.o(.ARM.Collect$$_printf_percent$$00000007)
    _printf_i                                0x0000037b   Thumb Code     0  _printf_i.o(.ARM.Collect$$_printf_percent$$00000008)
    _printf_d                                0x00000381   Thumb Code     0  _printf_d.o(.ARM.Collect$$_printf_percent$$00000009)
    _printf_u                                0x00000387   Thumb Code     0  _printf_u.o(.ARM.Collect$$_printf_percent$$0000000A)
    _printf_o                                0x0000038d   Thumb Code     0  _printf_o.o(.ARM.Collect$$_printf_percent$$0000000B)
    _printf_x                                0x00000393   Thumb Code     0  _printf_x.o(.ARM.Collect$$_printf_percent$$0000000C)
    _printf_lli                              0x00000399   Thumb Code     0  _printf_lli.o(.ARM.Collect$$_printf_percent$$0000000D)
    _printf_lld                              0x0000039f   Thumb Code     0  _printf_lld.o(.ARM.Collect$$_printf_percent$$0000000E)
    _printf_llu                              0x000003a5   Thumb Code     0  _printf_llu.o(.ARM.Collect$$_printf_percent$$0000000F)
    _printf_llo                              0x000003ab   Thumb Code     0  _printf_llo.o(.ARM.Collect$$_printf_percent$$00000010)
    _printf_llx                              0x000003b1   Thumb Code     0  _printf_llx.o(.ARM.Collect$$_printf_percent$$00000011)
    _printf_l                                0x000003b7   Thumb Code     0  _printf_l.o(.ARM.Collect$$_printf_percent$$00000012)
    _printf_c                                0x000003c1   Thumb Code     0  _printf_c.o(.ARM.Collect$$_printf_percent$$00000013)
    _printf_s                                0x000003c7   Thumb Code     0  _printf_s.o(.ARM.Collect$$_printf_percent$$00000014)
    _printf_lc                               0x000003cd   Thumb Code     0  _printf_lc.o(.ARM.Collect$$_printf_percent$$00000015)
    _printf_ls                               0x000003d3   Thumb Code     0  _printf_ls.o(.ARM.Collect$$_printf_percent$$00000016)
    _printf_percent_end                      0x000003d9   Thumb Code     0  _printf_percent_end.o(.ARM.Collect$$_printf_percent$$00000017)
    __rt_lib_init                            0x000003dd   Thumb Code     0  libinit.o(.ARM.Collect$$libinit$$00000000)
    __rt_lib_init_fp_1                       0x000003df   Thumb Code     0  libinit2.o(.ARM.Collect$$libinit$$00000001)
    __rt_lib_init_heap_1                     0x000003e3   Thumb Code     0  libinit2.o(.ARM.Collect$$libinit$$0000000C)
    __rt_lib_init_preinit_1                  0x000003e3   Thumb Code     0  libinit2.o(.ARM.Collect$$libinit$$00000006)
    __rt_lib_init_rand_2                     0x000003e3   Thumb Code     0  libinit2.o(.ARM.Collect$$libinit$$0000000F)
    __rt_lib_init_relocate_pie_1             0x000003e3   Thumb Code     0  libinit2.o(.ARM.Collect$$libinit$$00000004)
    __rt_lib_init_user_alloc_1               0x000003e3   Thumb Code     0  libinit2.o(.ARM.Collect$$libinit$$0000000E)
    __rt_lib_init_lc_common                  0x000003e7   Thumb Code     0  libinit2.o(.ARM.Collect$$libinit$$00000011)
    __rt_lib_init_rand_1                     0x000003e7   Thumb Code     0  libinit2.o(.ARM.Collect$$libinit$$00000010)
    __rt_lib_init_lc_collate_1               0x000003ed   Thumb Code     0  libinit2.o(.ARM.Collect$$libinit$$00000013)
    __rt_lib_init_lc_ctype_2                 0x000003ed   Thumb Code     0  libinit2.o(.ARM.Collect$$libinit$$00000014)
    __rt_lib_init_lc_ctype_1                 0x000003f9   Thumb Code     0  libinit2.o(.ARM.Collect$$libinit$$00000015)
    __rt_lib_init_lc_monetary_1              0x000003f9   Thumb Code     0  libinit2.o(.ARM.Collect$$libinit$$00000017)
    __rt_lib_init_lc_numeric_2               0x000003f9   Thumb Code     0  libinit2.o(.ARM.Collect$$libinit$$00000018)
    __rt_lib_init_alloca_1                   0x00000403   Thumb Code     0  libinit2.o(.ARM.Collect$$libinit$$00000030)
    __rt_lib_init_argv_1                     0x00000403   Thumb Code     0  libinit2.o(.ARM.Collect$$libinit$$0000002E)
    __rt_lib_init_atexit_1                   0x00000403   Thumb Code     0  libinit2.o(.ARM.Collect$$libinit$$0000001D)
    __rt_lib_init_clock_1                    0x00000403   Thumb Code     0  libinit2.o(.ARM.Collect$$libinit$$00000023)
    __rt_lib_init_cpp_1                      0x00000403   Thumb Code     0  libinit2.o(.ARM.Collect$$libinit$$00000034)
    __rt_lib_init_exceptions_1               0x00000403   Thumb Code     0  libinit2.o(.ARM.Collect$$libinit$$00000032)
    __rt_lib_init_fp_trap_1                  0x00000403   Thumb Code     0  libinit2.o(.ARM.Collect$$libinit$$00000021)
    __rt_lib_init_getenv_1                   0x00000403   Thumb Code     0  libinit2.o(.ARM.Collect$$libinit$$00000025)
    __rt_lib_init_lc_numeric_1               0x00000403   Thumb Code     0  libinit2.o(.ARM.Collect$$libinit$$00000019)
    __rt_lib_init_lc_time_1                  0x00000403   Thumb Code     0  libinit2.o(.ARM.Collect$$libinit$$0000001B)
    __rt_lib_init_return                     0x00000403   Thumb Code     0  libinit2.o(.ARM.Collect$$libinit$$00000035)
    __rt_lib_init_signal_1                   0x00000403   Thumb Code     0  libinit2.o(.ARM.Collect$$libinit$$0000001F)
    __rt_lib_init_stdio_1                    0x00000403   Thumb Code     0  libinit2.o(.ARM.Collect$$libinit$$00000027)
    __rt_lib_shutdown                        0x00000405   Thumb Code     0  libshutdown.o(.ARM.Collect$$libshutdown$$00000000)
    __rt_lib_shutdown_cpp_1                  0x00000407   Thumb Code     0  libshutdown2.o(.ARM.Collect$$libshutdown$$00000002)
    __rt_lib_shutdown_fp_trap_1              0x00000407   Thumb Code     0  libshutdown2.o(.ARM.Collect$$libshutdown$$00000007)
    __rt_lib_shutdown_heap_1                 0x00000407   Thumb Code     0  libshutdown2.o(.ARM.Collect$$libshutdown$$0000000F)
    __rt_lib_shutdown_return                 0x00000407   Thumb Code     0  libshutdown2.o(.ARM.Collect$$libshutdown$$00000010)
    __rt_lib_shutdown_signal_1               0x00000407   Thumb Code     0  libshutdown2.o(.ARM.Collect$$libshutdown$$0000000A)
    __rt_lib_shutdown_stdio_1                0x00000407   Thumb Code     0  libshutdown2.o(.ARM.Collect$$libshutdown$$00000004)
    __rt_lib_shutdown_user_alloc_1           0x00000407   Thumb Code     0  libshutdown2.o(.ARM.Collect$$libshutdown$$0000000C)
    __rt_entry                               0x00000409   Thumb Code     0  __rtentry.o(.ARM.Collect$$rtentry$$00000000)
    __rt_entry_presh_1                       0x00000409   Thumb Code     0  __rtentry2.o(.ARM.Collect$$rtentry$$00000002)
    __rt_entry_sh                            0x00000409   Thumb Code     0  __rtentry4.o(.ARM.Collect$$rtentry$$00000004)
    __rt_entry_li                            0x0000040f   Thumb Code     0  __rtentry2.o(.ARM.Collect$$rtentry$$0000000A)
    __rt_entry_postsh_1                      0x0000040f   Thumb Code     0  __rtentry2.o(.ARM.Collect$$rtentry$$00000009)
    __rt_entry_main                          0x00000413   Thumb Code     0  __rtentry2.o(.ARM.Collect$$rtentry$$0000000D)
    __rt_entry_postli_1                      0x00000413   Thumb Code     0  __rtentry2.o(.ARM.Collect$$rtentry$$0000000C)
    __rt_exit                                0x0000041b   Thumb Code     0  rtexit.o(.ARM.Collect$$rtexit$$00000000)
    __rt_exit_ls                             0x0000041d   Thumb Code     0  rtexit2.o(.ARM.Collect$$rtexit$$00000003)
    __rt_exit_prels_1                        0x0000041d   Thumb Code     0  rtexit2.o(.ARM.Collect$$rtexit$$00000002)
    __rt_exit_exit                           0x00000421   Thumb Code     0  rtexit2.o(.ARM.Collect$$rtexit$$00000004)
    rand                                     0x00000429   Thumb Code    48  rand.o(.emb_text)
    Reset_Handler                            0x0000045d   Thumb Code     8  startup_tm4c123.o(.text)
    NMI_Handler                              0x00000465   Thumb Code     2  startup_tm4c123.o(.text)
    HardFault_Handler                        0x00000467   Thumb Code     2  startup_tm4c123.o(.text)
    MemManage_Handler                        0x00000469   Thumb Code     2  startup_tm4c123.o(.text)
    BusFault_Handler                         0x0000046b   Thumb Code     2  startup_tm4c123.o(.text)
    UsageFault_Handler                       0x0000046d   Thumb Code     2  startup_tm4c123.o(.text)
    SVC_Handler                              0x0000046f   Thumb Code     2  startup_tm4c123.o(.text)
    DebugMon_Handler                         0x00000471   Thumb Code     2  startup_tm4c123.o(.text)
    PendSV_Handler                           0x00000473   Thumb Code     2  startup_tm4c123.o(.text)
    GPIOA_Handler                            0x00000477   Thumb Code     2  startup_tm4c123.o(.text)
    GPIOB_Handler                            0x00000479   Thumb Code     2  startup_tm4c123.o(.text)
    GPIOC_Handler                            0x0000047b   Thumb Code     2  startup_tm4c123.o(.text)
    GPIOD_Handler                            0x0000047d   Thumb Code     2  startup_tm4c123.o(.text)
    GPIOE_Handler                            0x0000047f   Thumb Code     2  startup_tm4c123.o(.text)
    UART0_Handler                            0x00000481   Thumb Code     2  startup_tm4c123.o(.text)
    UART1_Handler                            0x00000483   Thumb Code     2  startup_tm4c123.o(.text)
    SSI0_Handler                             0x00000485   Thumb Code     2  startup_tm4c123.o(.text)
    I2C0_Handler                             0x00000487   Thumb Code     2  startup_tm4c123.o(.text)
    PMW0_FAULT_Handler                       0x00000489   Thumb Code     2  startup_tm4c123.o(.text)
    PWM0_0_Handler                           0x0000048b   Thumb Code     2  startup_tm4c123.o(.text)
    PWM0_1_Handler                           0x0000048d   Thumb Code     2  startup_tm4c123.o(.text)
    PWM0_2_Handler                           0x0000048f   Thumb Code     2  startup_tm4c123.o(.text)
    QEI0_Handler                             0x00000491   Thumb Code     2  startup_tm4c123.o(.text)
    ADC0SS0_Handler                          0x00000493   Thumb Code     2  startup_tm4c123.o(.text)
    ADC0SS1_Handler                          0x00000495   Thumb Code     2  startup_tm4c123.o(.text)
    ADC0SS2_Handler                          0x00000497   Thumb Code     2  startup_tm4c123.o(.text)
    ADC0SS3_Handler                          0x00000499   Thumb Code     2  startup_tm4c123.o(.text)
    WDT0_Handler                             0x0000049b   Thumb Code     2  startup_tm4c123.o(.text)
    TIMER0A_Handler                          0x0000049d   Thumb Code     2  startup_tm4c123.o(.text)
    TIMER0B_Handler                          0x0000049f   Thumb Code     2  startup_tm4c123.o(.text)
    TIMER1B_Handler                          0x000004a3   Thumb Code     2  startup_tm4c123.o(.text)
    TIMER2A_Handler                          0x000004a5   Thumb Code     2  startup_tm4c123.o(.text)
    TIMER2B_Handler                          0x000004a7   Thumb Code     2  startup_tm4c123.o(.text)
    COMP0_Handler                            0x000004a9   Thumb Code     2  startup_tm4c123.o(.text)
    COMP1_Handler                            0x000004ab   Thumb Code     2  startup_tm4c123.o(.text)
    COMP2_Handler                            0x000004ad   Thumb Code     2  startup_tm4c123.o(.text)
    SYSCTL_Handler                           0x000004af   Thumb Code     2  startup_tm4c123.o(.text)
    FLASH_Handler                            0x000004b1   Thumb Code     2  startup_tm4c123.o(.text)
    GPIOF_Handler                            0x000004b3   Thumb Code     2  startup_tm4c123.o(.text)
    GPIOG_Handler                            0x000004b5   Thumb Code     2  startup_tm4c123.o(.text)
    GPIOH_Handler                            0x000004b7   Thumb Code     2  startup_tm4c123.o(.text)
    UART2_Handler                            0x000004b9   Thumb Code     2  startup_tm4c123.o(.text)
    SSI1_Handler                             0x000004bb   Thumb Code     2  startup_tm4c123.o(.text)
    TIMER3A_Handler                          0x000004bd   Thumb Code     2  startup_tm4c123.o(.text)
    TIMER3B_Handler                          0x000004bf   Thumb Code     2  startup_tm4c123.o(.text)
    I2C1_Handler                             0x000004c1   Thumb Code     2  startup_tm4c123.o(.text)
    QEI1_Handler                             0x000004c3   Thumb Code     2  startup_tm4c123.o(.text)
    CAN0_Handler                             0x000004c5   Thumb Code     2  startup_tm4c123.o(.text)
    CAN1_Handler                             0x000004c7   Thumb Code     2  startup_tm4c123.o(.text)
    CAN2_Handler                             0x000004c9   Thumb Code     2  startup_tm4c123.o(.text)
    HIB_Handler                              0x000004cb   Thumb Code     2  startup_tm4c123.o(.text)
    USB0_Handler                             0x000004cd   Thumb Code     2  startup_tm4c123.o(.text)
    PWM0_3_Handler                           0x000004cf   Thumb Code     2  startup_tm4c123.o(.text)
    UDMA_Handler                             0x000004d1   Thumb Code     2  startup_tm4c123.o(.text)
    UDMAERR_Handler                          0x000004d3   Thumb Code     2  startup_tm4c123.o(.text)
    ADC1SS0_Handler                          0x000004d5   Thumb Code     2  startup_tm4c123.o(.text)
    ADC1SS1_Handler                          0x000004d7   Thumb Code     2  startup_tm4c123.o(.text)
    ADC1SS2_Handler                          0x000004d9   Thumb Code     2  startup_tm4c123.o(.text)
    ADC1SS3_Handler                          0x000004db   Thumb Code     2  startup_tm4c123.o(.text)
    GPIOJ_Handler                            0x000004dd   Thumb Code     2  startup_tm4c123.o(.text)
    GPIOK_Handler                            0x000004df   Thumb Code     2  startup_tm4c123.o(.text)
    GPIOL_Handler                            0x000004e1   Thumb Code     2  startup_tm4c123.o(.text)
    SSI2_Handler                             0x000004e3   Thumb Code     2  startup_tm4c123.o(.text)
    SSI3_Handler                             0x000004e5   Thumb Code     2  startup_tm4c123.o(.text)
    UART3_Handler                            0x000004e7   Thumb Code     2  startup_tm4c123.o(.text)
    UART4_Handler                            0x000004e9   Thumb Code     2  startup_tm4c123.o(.text)
    UART5_Handler                            0x000004eb   Thumb Code     2  startup_tm4c123.o(.text)
    UART6_Handler                            0x000004ed   Thumb Code     2  startup_tm4c123.o(.text)
    UART7_Handler                            0x000004ef   Thumb Code     2  startup_tm4c123.o(.text)
    I2C2_Handler                             0x000004f1   Thumb Code     2  startup_tm4c123.o(.text)
    I2C3_Handler                             0x000004f3   Thumb Code     2  startup_tm4c123.o(.text)
    TIMER4A_Handler                          0x000004f5   Thumb Code     2  startup_tm4c123.o(.text)
    TIMER4B_Handler                          0x000004f7   Thumb Code     2  startup_tm4c123.o(.text)
    TIMER5A_Handler                          0x000004f9   Thumb Code     2  startup_tm4c123.o(.text)
    TIMER5B_Handler                          0x000004fb   Thumb Code     2  startup_tm4c123.o(.text)
    WTIMER0A_Handler                         0x000004fd   Thumb Code     2  startup_tm4c123.o(.text)
    WTIMER0B_Handler                         0x000004ff   Thumb Code     2  startup_tm4c123.o(.text)
    WTIMER1A_Handler                         0x00000501   Thumb Code     2  startup_tm4c123.o(.text)
    WTIMER1B_Handler                         0x00000503   Thumb Code     2  startup_tm4c123.o(.text)
    WTIMER2A_Handler                         0x00000505   Thumb Code     2  startup_tm4c123.o(.text)
    WTIMER2B_Handler                         0x00000507   Thumb Code     2  startup_tm4c123.o(.text)
    WTIMER3A_Handler                         0x00000509   Thumb Code     2  startup_tm4c123.o(.text)
    WTIMER3B_Handler                         0x0000050b   Thumb Code     2  startup_tm4c123.o(.text)
    WTIMER4A_Handler                         0x0000050d   Thumb Code     2  startup_tm4c123.o(.text)
    WTIMER4B_Handler                         0x0000050f   Thumb Code     2  startup_tm4c123.o(.text)
    WTIMER5A_Handler                         0x00000511   Thumb Code     2  startup_tm4c123.o(.text)
    WTIMER5B_Handler                         0x00000513   Thumb Code     2  startup_tm4c123.o(.text)
    FPU_Handler                              0x00000515   Thumb Code     2  startup_tm4c123.o(.text)
    I2C4_Handler                             0x00000517   Thumb Code     2  startup_tm4c123.o(.text)
    I2C5_Handler                             0x00000519   Thumb Code     2  startup_tm4c123.o(.text)
    GPIOM_Handler                            0x0000051b   Thumb Code     2  startup_tm4c123.o(.text)
    GPION_Handler                            0x0000051d   Thumb Code     2  startup_tm4c123.o(.text)
    QEI2_Handler                             0x0000051f   Thumb Code     2  startup_tm4c123.o(.text)
    GPIOP0_Handler                           0x00000521   Thumb Code     2  startup_tm4c123.o(.text)
    GPIOP1_Handler                           0x00000523   Thumb Code     2  startup_tm4c123.o(.text)
    GPIOP2_Handler                           0x00000525   Thumb Code     2  startup_tm4c123.o(.text)
    GPIOP3_Handler                           0x00000527   Thumb Code     2  startup_tm4c123.o(.text)
    GPIOP4_Handler                           0x00000529   Thumb Code     2  startup_tm4c123.o(.text)
    GPIOP5_Handler                           0x0000052b   Thumb Code     2  startup_tm4c123.o(.text)
    GPIOP6_Handler                           0x0000052d   Thumb Code     2  startup_tm4c123.o(.text)
    GPIOP7_Handler                           0x0000052f   Thumb Code     2  startup_tm4c123.o(.text)
    GPIOQ0_Handler                           0x00000531   Thumb Code     2  startup_tm4c123.o(.text)
    GPIOQ1_Handler                           0x00000533   Thumb Code     2  startup_tm4c123.o(.text)
    GPIOQ2_Handler                           0x00000535   Thumb Code     2  startup_tm4c123.o(.text)
    GPIOQ3_Handler                           0x00000537   Thumb Code     2  startup_tm4c123.o(.text)
    GPIOQ4_Handler                           0x00000539   Thumb Code     2  startup_tm4c123.o(.text)
    GPIOQ5_Handler                           0x0000053b   Thumb Code     2  startup_tm4c123.o(.text)
    GPIOQ6_Handler                           0x0000053d   Thumb Code     2  startup_tm4c123.o(.text)
    GPIOQ7_Handler                           0x0000053f   Thumb Code     2  startup_tm4c123.o(.text)
    GPIOR_Handler                            0x00000541   Thumb Code     2  startup_tm4c123.o(.text)
    GPIOS_Handler                            0x00000543   Thumb Code     2  startup_tm4c123.o(.text)
    PMW1_0_Handler                           0x00000545   Thumb Code     2  startup_tm4c123.o(.text)
    PWM1_1_Handler                           0x00000547   Thumb Code     2  startup_tm4c123.o(.text)
    PWM1_2_Handler                           0x00000549   Thumb Code     2  startup_tm4c123.o(.text)
    PWM1_3_Handler                           0x0000054b   Thumb Code     2  startup_tm4c123.o(.text)
    PWM1_FAULT_Handler                       0x0000054d   Thumb Code     2  startup_tm4c123.o(.text)
    __user_initial_stackheap                 0x00000551   Thumb Code     0  startup_tm4c123.o(.text)
    snprintf                                 0x00000571   Thumb Code    58  snprintf.o(.text)
    srand                                    0x000005b1   Thumb Code    42  rand.o(.text)
    _rand_init                               0x000005db   Thumb Code     4  rand.o(.text)
    strlen                                   0x000005ed   Thumb Code    62  strlen.o(.text)
    __aeabi_memcpy4                          0x0000062b   Thumb Code     0  rt_memcpy_w.o(.text)
    __aeabi_memcpy8                          0x0000062b   Thumb Code     0  rt_memcpy_w.o(.text)
    __rt_memcpy_w                            0x0000062b   Thumb Code   100  rt_memcpy_w.o(.text)
    _memcpy_lastbytes_aligned                0x00000673   Thumb Code     0  rt_memcpy_w.o(.text)
    __use_two_region_memory                  0x0000068f   Thumb Code     2  heapauxi.o(.text)
    __rt_heap_escrow$2region                 0x00000691   Thumb Code     2  heapauxi.o(.text)
    __rt_heap_expand$2region                 0x00000693   Thumb Code     2  heapauxi.o(.text)
    _printf_pre_padding                      0x00000695   Thumb Code    44  _printf_pad.o(.text)
    _printf_post_padding                     0x000006c1   Thumb Code    34  _printf_pad.o(.text)
    _printf_truncate_signed                  0x000006e3   Thumb Code    18  _printf_truncate.o(.text)
    _printf_truncate_unsigned                0x000006f5   Thumb Code    18  _printf_truncate.o(.text)
    _printf_str                              0x00000707   Thumb Code    82  _printf_str.o(.text)
    _printf_int_dec                          0x00000759   Thumb Code   104  _printf_dec.o(.text)
    _printf_charcount                        0x000007d1   Thumb Code    40  _printf_charcount.o(.text)
    _printf_char_common                      0x00000803   Thumb Code    32  _printf_char_common.o(.text)
    _snputc                                  0x00000829   Thumb Code    16  _snputc.o(.text)
    _printf_wctomb                           0x00000839   Thumb Code   182  _printf_wctomb.o(.text)
    _printf_longlong_dec                     0x000008f5   Thumb Code   108  _printf_longlong_dec.o(.text)
    _printf_longlong_oct                     0x00000971   Thumb Code    68  _printf_oct_int_ll.o(.text)
    _printf_int_oct                          0x000009b5   Thumb Code    24  _printf_oct_int_ll.o(.text)
    _printf_ll_oct                           0x000009cd   Thumb Code    12  _printf_oct_int_ll.o(.text)
    _printf_longlong_hex                     0x000009e1   Thumb Code    86  _printf_hex_int_ll_ptr.o(.text)
    _printf_int_hex                          0x00000a37   Thumb Code    28  _printf_hex_int_ll_ptr.o(.text)
    _printf_ll_hex                           0x00000a53   Thumb Code    12  _printf_hex_int_ll_ptr.o(.text)
    _printf_hex_ptr                          0x00000a5f   Thumb Code    18  _printf_hex_int_ll_ptr.o(.text)
    __printf                                 0x00000a75   Thumb Code   388  __printf_flags_ss_wp.o(.text)
    _ll_udiv10                               0x00000bfd   Thumb Code   138  lludiv10.o(.text)
    _printf_int_common                       0x00000c87   Thumb Code   178  _printf_intcommon.o(.text)
    _printf_fp_dec_real                      0x00000ee9   Thumb Code   620  _printf_fp_dec.o(.text)
    _printf_fp_hex_real                      0x00001155   Thumb Code   756  _printf_fp_hex.o(.text)
    _printf_cs_common                        0x00001451   Thumb Code    20  _printf_char.o(.text)
    _printf_char                             0x00001465   Thumb Code    16  _printf_char.o(.text)
    _printf_string                           0x00001475   Thumb Code     8  _printf_char.o(.text)
    _printf_lcs_common                       0x0000147d   Thumb Code    20  _printf_wchar.o(.text)
    _printf_wchar                            0x00001491   Thumb Code    16  _printf_wchar.o(.text)
    _printf_wstring                          0x000014a1   Thumb Code     8  _printf_wchar.o(.text)
    _c16rtomb                                0x000014a9   Thumb Code    72  _c16rtomb.o(.text)
    _wcrtomb                                 0x000014a9   Thumb Code     0  _c16rtomb.o(.text)
    __user_setup_stackheap                   0x000014f1   Thumb Code    74  sys_stackheap_outer.o(.text)
    __rt_ctype_table                         0x0000153d   Thumb Code    16  rt_ctype_table.o(.text)
    __rt_locale                              0x0000154d   Thumb Code     8  rt_locale_intlibspace.o(.text)
    _printf_fp_infnan                        0x00001555   Thumb Code   112  _printf_fp_infnan.o(.text)
    _btod_etento                             0x000015d5   Thumb Code   224  bigflt0.o(.text)
    exit                                     0x000016b9   Thumb Code    18  exit.o(.text)
    __user_libspace                          0x000016cd   Thumb Code     8  libspace.o(.text)
    __user_perproc_libspace                  0x000016cd   Thumb Code     0  libspace.o(.text)
    __user_perthread_libspace                0x000016cd   Thumb Code     0  libspace.o(.text)
    strcmp                                   0x000016d9   Thumb Code   124  strcmpv7em.o(.text)
    __I$use$semihosting                      0x00001755   Thumb Code     0  use_no_semi.o(.text)
    __use_no_semihosting_swi                 0x00001755   Thumb Code     2  use_no_semi.o(.text)
    __semihosting_library_function           0x00001757   Thumb Code     0  indicate_semi.o(.text)
    _sys_exit                                0x00001759   Thumb Code     8  sys_exit.o(.text)
    Display_Main_Menu                        0x00001765   Thumb Code    54  main.o(.text.Display_Main_Menu)
    EduBase_LCD_Clear_Display                0x0000179d   Thumb Code    10  edubase_lcd.o(.text.EduBase_LCD_Clear_Display)
    EduBase_LCD_Create_Custom_Character      0x000017a9   Thumb Code    78  edubase_lcd.o(.text.EduBase_LCD_Create_Custom_Character)
    EduBase_LCD_Disable_Cursor               0x000017f9   Thumb Code    30  edubase_lcd.o(.text.EduBase_LCD_Disable_Cursor)
    EduBase_LCD_Disable_Cursor_Blink         0x00001819   Thumb Code    30  edubase_lcd.o(.text.EduBase_LCD_Disable_Cursor_Blink)
    EduBase_LCD_Display_String               0x00001839   Thumb Code    56  edubase_lcd.o(.text.EduBase_LCD_Display_String)
    EduBase_LCD_Enable_Display               0x00001871   Thumb Code    30  edubase_lcd.o(.text.EduBase_LCD_Enable_Display)
    EduBase_LCD_Init                         0x00001891   Thumb Code   104  edubase_lcd.o(.text.EduBase_LCD_Init)
    EduBase_LCD_Ports_Init                   0x000018f9   Thumb Code   226  edubase_lcd.o(.text.EduBase_LCD_Ports_Init)
    EduBase_LCD_Pulse_Enable                 0x000019dd   Thumb Code    60  edubase_lcd.o(.text.EduBase_LCD_Pulse_Enable)
    EduBase_LCD_Return_Home                  0x00001a19   Thumb Code    10  edubase_lcd.o(.text.EduBase_LCD_Return_Home)
    EduBase_LCD_Send_Command                 0x00001a25   Thumb Code    70  edubase_lcd.o(.text.EduBase_LCD_Send_Command)
    EduBase_LCD_Send_Data                    0x00001a6d   Thumb Code    42  edubase_lcd.o(.text.EduBase_LCD_Send_Data)
    EduBase_LCD_Set_Cursor                   0x00001a99   Thumb Code    80  edubase_lcd.o(.text.EduBase_LCD_Set_Cursor)
    EduBase_LCD_Write_4_Bits                 0x00001ae9   Thumb Code   114  edubase_lcd.o(.text.EduBase_LCD_Write_4_Bits)
    EduBase_LEDs_Init                        0x00001b5d   Thumb Code    82  gpio.o(.text.EduBase_LEDs_Init)
    PMOD_ENC_Button_Read                     0x00001bb1   Thumb Code    18  pmod_enc.o(.text.PMOD_ENC_Button_Read)
    PMOD_ENC_Get_Rotation                    0x00001bc5   Thumb Code    68  pmod_enc.o(.text.PMOD_ENC_Get_Rotation)
    PMOD_ENC_Get_State                       0x00001c09   Thumb Code    28  pmod_enc.o(.text.PMOD_ENC_Get_State)
    PMOD_ENC_Init                            0x00001c25   Thumb Code    66  pmod_enc.o(.text.PMOD_ENC_Init)
    PMOD_ENC_Task                            0x00001c69   Thumb Code   200  main.o(.text.PMOD_ENC_Task)
    Process_Main_Menu_Selection              0x00001d31   Thumb Code    92  main.o(.text.Process_Main_Menu_Selection)
    SysTick_Delay1ms                         0x00001d8d   Thumb Code    76  systick_delay.o(.text.SysTick_Delay1ms)
    SysTick_Delay1us                         0x00001dd9   Thumb Code    42  systick_delay.o(.text.SysTick_Delay1us)
    SysTick_Delay_Init                       0x00001e05   Thumb Code    42  systick_delay.o(.text.SysTick_Delay_Init)
    SysTick_Handler                          0x00001e31   Thumb Code    70  systick_delay.o(.text.SysTick_Handler)
    SystemInit                               0x00001e79   Thumb Code   268  system_tm4c123.o(.text.SystemInit)
    TIMER1A_Handler                          0x00001f85   Thumb Code    50  timer_1a_interrupt.o(.text.TIMER1A_Handler)
    Timer_1A_Interrupt_Init                  0x00001fb9   Thumb Code   190  timer_1a_interrupt.o(.text.Timer_1A_Interrupt_Init)
    checkAnswer                              0x00002079   Thumb Code    32  quiz_logic.o(.text.checkAnswer)
    main                                     0x00002099   Thumb Code   140  main.o(.text.main)
    start_quiz                               0x00002125   Thumb Code   992  quiz_logic.o(.text.start_quiz)
    _btod_d2e                                0x00002505   Thumb Code    62  btod.o(CL$$btod_d2e)
    _d2e_denorm_low                          0x00002543   Thumb Code    70  btod.o(CL$$btod_d2e_denorm_low)
    _d2e_norm_op1                            0x00002589   Thumb Code    96  btod.o(CL$$btod_d2e_norm_op1)
    __btod_div_common                        0x000025e9   Thumb Code   696  btod.o(CL$$btod_div_common)
    _e2e                                     0x00002921   Thumb Code   220  btod.o(CL$$btod_e2e)
    _btod_ediv                               0x000029fd   Thumb Code    42  btod.o(CL$$btod_ediv)
    _btod_emul                               0x00002a27   Thumb Code    42  btod.o(CL$$btod_emul)
    __btod_mult_common                       0x00002a51   Thumb Code   580  btod.o(CL$$btod_mult_common)
    __ARM_fpclassify                         0x00002c95   Thumb Code    48  fpclassify.o(i.__ARM_fpclassify)
    _is_digit                                0x00002cc5   Thumb Code    14  __printf_wp.o(i._is_digit)
    _get_lc_numeric                          0x00002cd5   Thumb Code    44  lc_numeric_c.o(locale$$code)
    _get_lc_ctype                            0x00002d01   Thumb Code    44  lc_ctype_c.o(locale$$code)
    _fp_init                                 0x00002d2d   Thumb Code    26  fpinit.o(x$fpl$fpinit)
    __fplib_config_fpu_vfp                   0x00002d45   Thumb Code     0  fpinit.o(x$fpl$fpinit)
    __fplib_config_pureend_doubles           0x00002d45   Thumb Code     0  fpinit.o(x$fpl$fpinit)
    _printf_fp_dec                           0x00002d47   Thumb Code     4  printf1.o(x$fpl$printf1)
    _printf_fp_hex                           0x00002d4b   Thumb Code     4  printf2.o(x$fpl$printf2)
    __I$use$fp                               0x00002d4e   Number         0  usenofp.o(x$fpl$usenofp)
    Region$$Table$$Base                      0x00002ea0   Number         0  anon$$obj.o(Region$$Table)
    Region$$Table$$Limit                     0x00002ec0   Number         0  anon$$obj.o(Region$$Table)
    __ctype                                  0x00002ee9   Data           0  lc_ctype_c.o(locale$$data)
    questions                                0x20000004   Data       12900  quiz_logic.o(.data.questions)
    _random_number_data                      0x20003270   Data         228  rand.o(.bss)
    __libspace_start                         0x20003354   Data          96  libspace.o(.bss)
    Timer_1A_Task                            0x200033b4   Data           4  timer_1a_interrupt.o(.bss.Timer_1A_Task)
    __temporary_stack_top$libspace           0x200033b4   Data           0  libspace.o(.bss)



==============================================================================

Memory Map of the image

  Image Entry point : 0x0000045d

  Load Region LR_1 (Base: 0x00000000, Size: 0x0000625c, Max: 0xffffffff, ABSOLUTE, COMPRESSED[0x00003348])

    Execution Region ER_RO (Exec base: 0x00000000, Load base: 0x00000000, Size: 0x00002fec, Max: 0xffffffff, ABSOLUTE)

    Exec Addr    Load Addr    Size         Type   Attr      Idx    E Section Name        Object

    0x00000000   0x00000000   0x0000026c   Data   RO          169    RESET               startup_tm4c123.o
    0x0000026c   0x0000026c   0x00000008   Code   RO          207  * !!!main             c_w.l(__main.o)
    0x00000274   0x00000274   0x0000005c   Code   RO          548    !!!scatter          c_w.l(__scatter.o)
    0x000002d0   0x000002d0   0x0000005a   Code   RO          546    !!dczerorl2         c_w.l(__dczerorl2.o)
    0x0000032a   0x0000032a   0x00000002   PAD
    0x0000032c   0x0000032c   0x00000002   Code   RO          549    !!handler_null      c_w.l(__scatter.o)
    0x0000032e   0x0000032e   0x00000002   PAD
    0x00000330   0x00000330   0x0000001c   Code   RO          552    !!handler_zi        c_w.l(__scatter_zi.o)
    0x0000034c   0x0000034c   0x00000000   Code   RO          293    .ARM.Collect$$_printf_percent$$00000000  c_w.l(_printf_percent.o)
    0x0000034c   0x0000034c   0x00000006   Code   RO          282    .ARM.Collect$$_printf_percent$$00000001  c_w.l(_printf_n.o)
    0x00000352   0x00000352   0x00000006   Code   RO          284    .ARM.Collect$$_printf_percent$$00000002  c_w.l(_printf_p.o)
    0x00000358   0x00000358   0x00000006   Code   RO          289    .ARM.Collect$$_printf_percent$$00000003  c_w.l(_printf_f.o)
    0x0000035e   0x0000035e   0x00000006   Code   RO          290    .ARM.Collect$$_printf_percent$$00000004  c_w.l(_printf_e.o)
    0x00000364   0x00000364   0x00000006   Code   RO          291    .ARM.Collect$$_printf_percent$$00000005  c_w.l(_printf_g.o)
    0x0000036a   0x0000036a   0x00000006   Code   RO          292    .ARM.Collect$$_printf_percent$$00000006  c_w.l(_printf_a.o)
    0x00000370   0x00000370   0x0000000a   Code   RO          297    .ARM.Collect$$_printf_percent$$00000007  c_w.l(_printf_ll.o)
    0x0000037a   0x0000037a   0x00000006   Code   RO          286    .ARM.Collect$$_printf_percent$$00000008  c_w.l(_printf_i.o)
    0x00000380   0x00000380   0x00000006   Code   RO          287    .ARM.Collect$$_printf_percent$$00000009  c_w.l(_printf_d.o)
    0x00000386   0x00000386   0x00000006   Code   RO          288    .ARM.Collect$$_printf_percent$$0000000A  c_w.l(_printf_u.o)
    0x0000038c   0x0000038c   0x00000006   Code   RO          285    .ARM.Collect$$_printf_percent$$0000000B  c_w.l(_printf_o.o)
    0x00000392   0x00000392   0x00000006   Code   RO          283    .ARM.Collect$$_printf_percent$$0000000C  c_w.l(_printf_x.o)
    0x00000398   0x00000398   0x00000006   Code   RO          294    .ARM.Collect$$_printf_percent$$0000000D  c_w.l(_printf_lli.o)
    0x0000039e   0x0000039e   0x00000006   Code   RO          295    .ARM.Collect$$_printf_percent$$0000000E  c_w.l(_printf_lld.o)
    0x000003a4   0x000003a4   0x00000006   Code   RO          296    .ARM.Collect$$_printf_percent$$0000000F  c_w.l(_printf_llu.o)
    0x000003aa   0x000003aa   0x00000006   Code   RO          301    .ARM.Collect$$_printf_percent$$00000010  c_w.l(_printf_llo.o)
    0x000003b0   0x000003b0   0x00000006   Code   RO          302    .ARM.Collect$$_printf_percent$$00000011  c_w.l(_printf_llx.o)
    0x000003b6   0x000003b6   0x0000000a   Code   RO          298    .ARM.Collect$$_printf_percent$$00000012  c_w.l(_printf_l.o)
    0x000003c0   0x000003c0   0x00000006   Code   RO          280    .ARM.Collect$$_printf_percent$$00000013  c_w.l(_printf_c.o)
    0x000003c6   0x000003c6   0x00000006   Code   RO          281    .ARM.Collect$$_printf_percent$$00000014  c_w.l(_printf_s.o)
    0x000003cc   0x000003cc   0x00000006   Code   RO          299    .ARM.Collect$$_printf_percent$$00000015  c_w.l(_printf_lc.o)
    0x000003d2   0x000003d2   0x00000006   Code   RO          300    .ARM.Collect$$_printf_percent$$00000016  c_w.l(_printf_ls.o)
    0x000003d8   0x000003d8   0x00000004   Code   RO          390    .ARM.Collect$$_printf_percent$$00000017  c_w.l(_printf_percent_end.o)
    0x000003dc   0x000003dc   0x00000002   Code   RO          449    .ARM.Collect$$libinit$$00000000  c_w.l(libinit.o)
    0x000003de   0x000003de   0x00000004   Code   RO          303    .ARM.Collect$$libinit$$00000001  c_w.l(libinit2.o)
    0x000003e2   0x000003e2   0x00000000   Code   RO          306    .ARM.Collect$$libinit$$00000004  c_w.l(libinit2.o)
    0x000003e2   0x000003e2   0x00000000   Code   RO          308    .ARM.Collect$$libinit$$00000006  c_w.l(libinit2.o)
    0x000003e2   0x000003e2   0x00000000   Code   RO          311    .ARM.Collect$$libinit$$0000000C  c_w.l(libinit2.o)
    0x000003e2   0x000003e2   0x00000000   Code   RO          313    .ARM.Collect$$libinit$$0000000E  c_w.l(libinit2.o)
    0x000003e2   0x000003e2   0x00000004   Code   RO          314    .ARM.Collect$$libinit$$0000000F  c_w.l(libinit2.o)
    0x000003e6   0x000003e6   0x00000000   Code   RO          315    .ARM.Collect$$libinit$$00000010  c_w.l(libinit2.o)
    0x000003e6   0x000003e6   0x00000006   Code   RO          316    .ARM.Collect$$libinit$$00000011  c_w.l(libinit2.o)
    0x000003ec   0x000003ec   0x00000000   Code   RO          318    .ARM.Collect$$libinit$$00000013  c_w.l(libinit2.o)
    0x000003ec   0x000003ec   0x0000000c   Code   RO          319    .ARM.Collect$$libinit$$00000014  c_w.l(libinit2.o)
    0x000003f8   0x000003f8   0x00000000   Code   RO          320    .ARM.Collect$$libinit$$00000015  c_w.l(libinit2.o)
    0x000003f8   0x000003f8   0x00000000   Code   RO          322    .ARM.Collect$$libinit$$00000017  c_w.l(libinit2.o)
    0x000003f8   0x000003f8   0x0000000a   Code   RO          323    .ARM.Collect$$libinit$$00000018  c_w.l(libinit2.o)
    0x00000402   0x00000402   0x00000000   Code   RO          324    .ARM.Collect$$libinit$$00000019  c_w.l(libinit2.o)
    0x00000402   0x00000402   0x00000000   Code   RO          326    .ARM.Collect$$libinit$$0000001B  c_w.l(libinit2.o)
    0x00000402   0x00000402   0x00000000   Code   RO          328    .ARM.Collect$$libinit$$0000001D  c_w.l(libinit2.o)
    0x00000402   0x00000402   0x00000000   Code   RO          330    .ARM.Collect$$libinit$$0000001F  c_w.l(libinit2.o)
    0x00000402   0x00000402   0x00000000   Code   RO          332    .ARM.Collect$$libinit$$00000021  c_w.l(libinit2.o)
    0x00000402   0x00000402   0x00000000   Code   RO          334    .ARM.Collect$$libinit$$00000023  c_w.l(libinit2.o)
    0x00000402   0x00000402   0x00000000   Code   RO          336    .ARM.Collect$$libinit$$00000025  c_w.l(libinit2.o)
    0x00000402   0x00000402   0x00000000   Code   RO          338    .ARM.Collect$$libinit$$00000027  c_w.l(libinit2.o)
    0x00000402   0x00000402   0x00000000   Code   RO          342    .ARM.Collect$$libinit$$0000002E  c_w.l(libinit2.o)
    0x00000402   0x00000402   0x00000000   Code   RO          344    .ARM.Collect$$libinit$$00000030  c_w.l(libinit2.o)
    0x00000402   0x00000402   0x00000000   Code   RO          346    .ARM.Collect$$libinit$$00000032  c_w.l(libinit2.o)
    0x00000402   0x00000402   0x00000000   Code   RO          348    .ARM.Collect$$libinit$$00000034  c_w.l(libinit2.o)
    0x00000402   0x00000402   0x00000002   Code   RO          349    .ARM.Collect$$libinit$$00000035  c_w.l(libinit2.o)
    0x00000404   0x00000404   0x00000002   Code   RO          505    .ARM.Collect$$libshutdown$$00000000  c_w.l(libshutdown.o)
    0x00000406   0x00000406   0x00000000   Code   RO          513    .ARM.Collect$$libshutdown$$00000002  c_w.l(libshutdown2.o)
    0x00000406   0x00000406   0x00000000   Code   RO          515    .ARM.Collect$$libshutdown$$00000004  c_w.l(libshutdown2.o)
    0x00000406   0x00000406   0x00000000   Code   RO          518    .ARM.Collect$$libshutdown$$00000007  c_w.l(libshutdown2.o)
    0x00000406   0x00000406   0x00000000   Code   RO          521    .ARM.Collect$$libshutdown$$0000000A  c_w.l(libshutdown2.o)
    0x00000406   0x00000406   0x00000000   Code   RO          523    .ARM.Collect$$libshutdown$$0000000C  c_w.l(libshutdown2.o)
    0x00000406   0x00000406   0x00000000   Code   RO          526    .ARM.Collect$$libshutdown$$0000000F  c_w.l(libshutdown2.o)
    0x00000406   0x00000406   0x00000002   Code   RO          527    .ARM.Collect$$libshutdown$$00000010  c_w.l(libshutdown2.o)
    0x00000408   0x00000408   0x00000000   Code   RO          209    .ARM.Collect$$rtentry$$00000000  c_w.l(__rtentry.o)
    0x00000408   0x00000408   0x00000000   Code   RO          359    .ARM.Collect$$rtentry$$00000002  c_w.l(__rtentry2.o)
    0x00000408   0x00000408   0x00000006   Code   RO          371    .ARM.Collect$$rtentry$$00000004  c_w.l(__rtentry4.o)
    0x0000040e   0x0000040e   0x00000000   Code   RO          361    .ARM.Collect$$rtentry$$00000009  c_w.l(__rtentry2.o)
    0x0000040e   0x0000040e   0x00000004   Code   RO          362    .ARM.Collect$$rtentry$$0000000A  c_w.l(__rtentry2.o)
    0x00000412   0x00000412   0x00000000   Code   RO          364    .ARM.Collect$$rtentry$$0000000C  c_w.l(__rtentry2.o)
    0x00000412   0x00000412   0x00000008   Code   RO          365    .ARM.Collect$$rtentry$$0000000D  c_w.l(__rtentry2.o)
    0x0000041a   0x0000041a   0x00000002   Code   RO          462    .ARM.Collect$$rtexit$$00000000  c_w.l(rtexit.o)
    0x0000041c   0x0000041c   0x00000000   Code   RO          481    .ARM.Collect$$rtexit$$00000002  c_w.l(rtexit2.o)
    0x0000041c   0x0000041c   0x00000004   Code   RO          482    .ARM.Collect$$rtexit$$00000003  c_w.l(rtexit2.o)
    0x00000420   0x00000420   0x00000006   Code   RO          483    .ARM.Collect$$rtexit$$00000004  c_w.l(rtexit2.o)
    0x00000426   0x00000426   0x00000002   PAD
    0x00000428   0x00000428   0x00000034   Code   RO          196    .emb_text           c_w.l(rand.o)
    0x0000045c   0x0000045c   0x00000114   Code   RO          170  * .text               startup_tm4c123.o
    0x00000570   0x00000570   0x00000040   Code   RO          194    .text               c_w.l(snprintf.o)
    0x000005b0   0x000005b0   0x0000003c   Code   RO          197    .text               c_w.l(rand.o)
    0x000005ec   0x000005ec   0x0000003e   Code   RO          201    .text               c_w.l(strlen.o)
    0x0000062a   0x0000062a   0x00000064   Code   RO          203    .text               c_w.l(rt_memcpy_w.o)
    0x0000068e   0x0000068e   0x00000006   Code   RO          205    .text               c_w.l(heapauxi.o)
    0x00000694   0x00000694   0x0000004e   Code   RO          212    .text               c_w.l(_printf_pad.o)
    0x000006e2   0x000006e2   0x00000024   Code   RO          214    .text               c_w.l(_printf_truncate.o)
    0x00000706   0x00000706   0x00000052   Code   RO          216    .text               c_w.l(_printf_str.o)
    0x00000758   0x00000758   0x00000078   Code   RO          218    .text               c_w.l(_printf_dec.o)
    0x000007d0   0x000007d0   0x00000028   Code   RO          220    .text               c_w.l(_printf_charcount.o)
    0x000007f8   0x000007f8   0x00000030   Code   RO          222    .text               c_w.l(_printf_char_common.o)
    0x00000828   0x00000828   0x00000010   Code   RO          226    .text               c_w.l(_snputc.o)
    0x00000838   0x00000838   0x000000bc   Code   RO          228    .text               c_w.l(_printf_wctomb.o)
    0x000008f4   0x000008f4   0x0000007c   Code   RO          231    .text               c_w.l(_printf_longlong_dec.o)
    0x00000970   0x00000970   0x00000070   Code   RO          237    .text               c_w.l(_printf_oct_int_ll.o)
    0x000009e0   0x000009e0   0x00000094   Code   RO          257    .text               c_w.l(_printf_hex_int_ll_ptr.o)
    0x00000a74   0x00000a74   0x00000188   Code   RO          277    .text               c_w.l(__printf_flags_ss_wp.o)
    0x00000bfc   0x00000bfc   0x0000008a   Code   RO          373    .text               c_w.l(lludiv10.o)
    0x00000c86   0x00000c86   0x000000b2   Code   RO          375    .text               c_w.l(_printf_intcommon.o)
    0x00000d38   0x00000d38   0x0000041c   Code   RO          377    .text               c_w.l(_printf_fp_dec.o)
    0x00001154   0x00001154   0x000002fc   Code   RO          381    .text               c_w.l(_printf_fp_hex.o)
    0x00001450   0x00001450   0x0000002c   Code   RO          386    .text               c_w.l(_printf_char.o)
    0x0000147c   0x0000147c   0x0000002c   Code   RO          388    .text               c_w.l(_printf_wchar.o)
    0x000014a8   0x000014a8   0x00000048   Code   RO          391    .text               c_w.l(_c16rtomb.o)
    0x000014f0   0x000014f0   0x0000004a   Code   RO          397    .text               c_w.l(sys_stackheap_outer.o)
    0x0000153a   0x0000153a   0x00000002   PAD
    0x0000153c   0x0000153c   0x00000010   Code   RO          399    .text               c_w.l(rt_ctype_table.o)
    0x0000154c   0x0000154c   0x00000008   Code   RO          404    .text               c_w.l(rt_locale_intlibspace.o)
    0x00001554   0x00001554   0x00000080   Code   RO          406    .text               c_w.l(_printf_fp_infnan.o)
    0x000015d4   0x000015d4   0x000000e4   Code   RO          408    .text               c_w.l(bigflt0.o)
    0x000016b8   0x000016b8   0x00000012   Code   RO          438    .text               c_w.l(exit.o)
    0x000016ca   0x000016ca   0x00000002   PAD
    0x000016cc   0x000016cc   0x00000008   Code   RO          459    .text               c_w.l(libspace.o)
    0x000016d4   0x000016d4   0x00000004   PAD
    0x000016d8   0x000016d8   0x0000007c   Code   RO          475    .text               c_w.l(strcmpv7em.o)
    0x00001754   0x00001754   0x00000002   Code   RO          477    .text               c_w.l(use_no_semi.o)
    0x00001756   0x00001756   0x00000000   Code   RO          479    .text               c_w.l(indicate_semi.o)
    0x00001756   0x00001756   0x00000002   PAD
    0x00001758   0x00001758   0x0000000c   Code   RO          495    .text               c_w.l(sys_exit.o)
    0x00001764   0x00001764   0x00000036   Code   RO            6    .text.Display_Main_Menu  main.o
    0x0000179a   0x0000179a   0x00000002   PAD
    0x0000179c   0x0000179c   0x0000000a   Code   RO           68    .text.EduBase_LCD_Clear_Display  edubase_lcd.o
    0x000017a6   0x000017a6   0x00000002   PAD
    0x000017a8   0x000017a8   0x0000004e   Code   RO           90    .text.EduBase_LCD_Create_Custom_Character  edubase_lcd.o
    0x000017f6   0x000017f6   0x00000002   PAD
    0x000017f8   0x000017f8   0x0000001e   Code   RO           72    .text.EduBase_LCD_Disable_Cursor  edubase_lcd.o
    0x00001816   0x00001816   0x00000002   PAD
    0x00001818   0x00001818   0x0000001e   Code   RO           70    .text.EduBase_LCD_Disable_Cursor_Blink  edubase_lcd.o
    0x00001836   0x00001836   0x00000002   PAD
    0x00001838   0x00001838   0x00000038   Code   RO           92    .text.EduBase_LCD_Display_String  edubase_lcd.o
    0x00001870   0x00001870   0x0000001e   Code   RO           64    .text.EduBase_LCD_Enable_Display  edubase_lcd.o
    0x0000188e   0x0000188e   0x00000002   PAD
    0x00001890   0x00001890   0x00000068   Code   RO           62    .text.EduBase_LCD_Init  edubase_lcd.o
    0x000018f8   0x000018f8   0x000000e2   Code   RO           52    .text.EduBase_LCD_Ports_Init  edubase_lcd.o
    0x000019da   0x000019da   0x00000002   PAD
    0x000019dc   0x000019dc   0x0000003c   Code   RO           54    .text.EduBase_LCD_Pulse_Enable  edubase_lcd.o
    0x00001a18   0x00001a18   0x0000000a   Code   RO           66    .text.EduBase_LCD_Return_Home  edubase_lcd.o
    0x00001a22   0x00001a22   0x00000002   PAD
    0x00001a24   0x00001a24   0x00000046   Code   RO           58    .text.EduBase_LCD_Send_Command  edubase_lcd.o
    0x00001a6a   0x00001a6a   0x00000002   PAD
    0x00001a6c   0x00001a6c   0x0000002a   Code   RO           60    .text.EduBase_LCD_Send_Data  edubase_lcd.o
    0x00001a96   0x00001a96   0x00000002   PAD
    0x00001a98   0x00001a98   0x00000050   Code   RO           74    .text.EduBase_LCD_Set_Cursor  edubase_lcd.o
    0x00001ae8   0x00001ae8   0x00000072   Code   RO           56    .text.EduBase_LCD_Write_4_Bits  edubase_lcd.o
    0x00001b5a   0x00001b5a   0x00000002   PAD
    0x00001b5c   0x00001b5c   0x00000052   Code   RO           31    .text.EduBase_LEDs_Init  gpio.o
    0x00001bae   0x00001bae   0x00000002   PAD
    0x00001bb0   0x00001bb0   0x00000012   Code   RO          144    .text.PMOD_ENC_Button_Read  pmod_enc.o
    0x00001bc2   0x00001bc2   0x00000002   PAD
    0x00001bc4   0x00001bc4   0x00000044   Code   RO          142    .text.PMOD_ENC_Get_Rotation  pmod_enc.o
    0x00001c08   0x00001c08   0x0000001c   Code   RO          140    .text.PMOD_ENC_Get_State  pmod_enc.o
    0x00001c24   0x00001c24   0x00000042   Code   RO          138    .text.PMOD_ENC_Init  pmod_enc.o
    0x00001c66   0x00001c66   0x00000002   PAD
    0x00001c68   0x00001c68   0x000000c8   Code   RO            4    .text.PMOD_ENC_Task  main.o
    0x00001d30   0x00001d30   0x0000005c   Code   RO            8    .text.Process_Main_Menu_Selection  main.o
    0x00001d8c   0x00001d8c   0x0000004c   Code   RO          112    .text.SysTick_Delay1ms  systick_delay.o
    0x00001dd8   0x00001dd8   0x0000002a   Code   RO          110    .text.SysTick_Delay1us  systick_delay.o
    0x00001e02   0x00001e02   0x00000002   PAD
    0x00001e04   0x00001e04   0x0000002a   Code   RO          108    .text.SysTick_Delay_Init  systick_delay.o
    0x00001e2e   0x00001e2e   0x00000002   PAD
    0x00001e30   0x00001e30   0x00000046   Code   RO          114    .text.SysTick_Handler  systick_delay.o
    0x00001e76   0x00001e76   0x00000002   PAD
    0x00001e78   0x00001e78   0x0000010c   Code   RO          181    .text.SystemInit    system_tm4c123.o
    0x00001f84   0x00001f84   0x00000032   Code   RO          128    .text.TIMER1A_Handler  timer_1a_interrupt.o
    0x00001fb6   0x00001fb6   0x00000002   PAD
    0x00001fb8   0x00001fb8   0x000000be   Code   RO          126    .text.Timer_1A_Interrupt_Init  timer_1a_interrupt.o
    0x00002076   0x00002076   0x00000002   PAD
    0x00002078   0x00002078   0x00000020   Code   RO          155    .text.checkAnswer   quiz_logic.o
    0x00002098   0x00002098   0x0000008c   Code   RO            2    .text.main          main.o
    0x00002124   0x00002124   0x000003e0   Code   RO          157    .text.start_quiz    quiz_logic.o
    0x00002504   0x00002504   0x0000003e   Code   RO          411    CL$$btod_d2e        c_w.l(btod.o)
    0x00002542   0x00002542   0x00000046   Code   RO          413    CL$$btod_d2e_denorm_low  c_w.l(btod.o)
    0x00002588   0x00002588   0x00000060   Code   RO          412    CL$$btod_d2e_norm_op1  c_w.l(btod.o)
    0x000025e8   0x000025e8   0x00000338   Code   RO          421    CL$$btod_div_common  c_w.l(btod.o)
    0x00002920   0x00002920   0x000000dc   Code   RO          418    CL$$btod_e2e        c_w.l(btod.o)
    0x000029fc   0x000029fc   0x0000002a   Code   RO          415    CL$$btod_ediv       c_w.l(btod.o)
    0x00002a26   0x00002a26   0x0000002a   Code   RO          414    CL$$btod_emul       c_w.l(btod.o)
    0x00002a50   0x00002a50   0x00000244   Code   RO          420    CL$$btod_mult_common  c_w.l(btod.o)
    0x00002c94   0x00002c94   0x00000030   Code   RO          453    i.__ARM_fpclassify  m_wm.l(fpclassify.o)
    0x00002cc4   0x00002cc4   0x0000000e   Code   RO          270    i._is_digit         c_w.l(__printf_wp.o)
    0x00002cd2   0x00002cd2   0x00000002   PAD
    0x00002cd4   0x00002cd4   0x0000002c   Code   RO          436    locale$$code        c_w.l(lc_numeric_c.o)
    0x00002d00   0x00002d00   0x0000002c   Code   RO          469    locale$$code        c_w.l(lc_ctype_c.o)
    0x00002d2c   0x00002d2c   0x0000001a   Code   RO          395    x$fpl$fpinit        fz_wm.l(fpinit.o)
    0x00002d46   0x00002d46   0x00000004   Code   RO          350    x$fpl$printf1       fz_wm.l(printf1.o)
    0x00002d4a   0x00002d4a   0x00000004   Code   RO          352    x$fpl$printf2       fz_wm.l(printf2.o)
    0x00002d4e   0x00002d4e   0x00000000   Code   RO          452    x$fpl$usenofp       fz_wm.l(usenofp.o)
    0x00002d4e   0x00002d4e   0x00000002   PAD
    0x00002d50   0x00002d50   0x00000008   Data   RO          229    .constdata          c_w.l(_printf_wctomb.o)
    0x00002d58   0x00002d58   0x00000028   Data   RO          258    .constdata          c_w.l(_printf_hex_int_ll_ptr.o)
    0x00002d80   0x00002d80   0x00000011   Data   RO          278    .constdata          c_w.l(__printf_flags_ss_wp.o)
    0x00002d91   0x00002d91   0x00000026   Data   RO          382    .constdata          c_w.l(_printf_fp_hex.o)
    0x00002db7   0x00002db7   0x00000001   PAD
    0x00002db8   0x00002db8   0x00000094   Data   RO          409    .constdata          c_w.l(bigflt0.o)
    0x00002e4c   0x00002e4c   0x0000000b   Data   RO           16    .rodata.str1.1      main.o
    0x00002e57   0x00002e57   0x00000048   Data   RO          160    .rodata.str1.1      quiz_logic.o
    0x00002e9f   0x00002e9f   0x00000001   PAD
    0x00002ea0   0x00002ea0   0x00000020   Data   RO          545    Region$$Table       anon$$obj.o
    0x00002ec0   0x00002ec0   0x0000001c   Data   RO          435    locale$$data        c_w.l(lc_numeric_c.o)
    0x00002edc   0x00002edc   0x00000110   Data   RO          468    locale$$data        c_w.l(lc_ctype_c.o)


    Execution Region ER_RW (Exec base: 0x20000000, Load base: 0x00002fec, Size: 0x00003270, Max: 0xffffffff, ABSOLUTE, COMPRESSED[0x0000035c])

    Exec Addr    Load Addr    Size         Type   Attr      Idx    E Section Name        Object

    0x20000000   COMPRESSED   0x00000004   Data   RW           12    .data.prev_main_menu_counter  main.o
    0x20000004   COMPRESSED   0x00003264   Data   RW          159    .data.questions     quiz_logic.o
    0x20003268   COMPRESSED   0x00000008   Data   RW           10    .data.right_arrow   main.o


    Execution Region ER_ZI (Exec base: 0x20003270, Load base: 0x00003348, Size: 0x00000360, Max: 0xffffffff, ABSOLUTE)

    Exec Addr    Load Addr    Size         Type   Attr      Idx    E Section Name        Object

    0x20003270        -       0x000000e4   Zero   RW          198    .bss                c_w.l(rand.o)
    0x20003354        -       0x00000060   Zero   RW          460    .bss                c_w.l(libspace.o)
    0x200033b4        -       0x00000004   Zero   RW          130    .bss.Timer_1A_Task  timer_1a_interrupt.o
    0x200033b8        -       0x00000001   Zero   RW           98    .bss.display_control  edubase_lcd.o
    0x200033b9        -       0x00000001   Zero   RW           11    .bss.last_state     main.o
    0x200033ba   0x00003348   0x00000002   PAD
    0x200033bc        -       0x00000004   Zero   RW           13    .bss.main_menu_counter  main.o
    0x200033c0        -       0x00000001   Zero   RW          118    .bss.ms_active      systick_delay.o
    0x200033c1   0x00003348   0x00000003   PAD
    0x200033c4        -       0x00000004   Zero   RW          117    .bss.ms_elapsed     systick_delay.o
    0x200033c8        -       0x00000001   Zero   RW           15    .bss.pmod_enc_btn_pressed  main.o
    0x200033c9        -       0x00000001   Zero   RW           14    .bss.state          main.o
    0x200033ca   0x00003348   0x00000002   PAD
    0x200033cc        -       0x00000004   Zero   RW          116    .bss.us_elapsed     systick_delay.o
    0x200033d0        -       0x00000000   Zero   RW          168    HEAP                startup_tm4c123.o
    0x200033d0        -       0x00000200   Zero   RW          167    STACK               startup_tm4c123.o


==============================================================================

Image component sizes


      Code (inc. data)   RO Data    RW Data    ZI Data      Debug   Object Name

       940          0          0          0          1       9789   edubase_lcd.o
        82          0          0          0          0       6480   gpio.o
       486          0         11         12          7       1600   main.o
       180          0          0          0          0       6106   pmod_enc.o
      1024          0         72      12900          0       3303   quiz_logic.o
       276         24        620          0        512       5484   startup_tm4c123.o
       268          0          0          0          0       6747   system_tm4c123.o
       230          0          0          0          9       1298   systick_delay.o
       240          0          0          0          4       6201   timer_1a_interrupt.o

    ----------------------------------------------------------------------
      3764         24        736      12912        540      47008   Object Totals
         0          0         32          0          0          0   (incl. Generated)
        38          0          1          0          7          0   (incl. Padding)

    ----------------------------------------------------------------------

      Code (inc. data)   RO Data    RW Data    ZI Data      Debug   Library Member Name

        90          0          0          0          0          0   __dczerorl2.o
         8          0          0          0          0         68   __main.o
       392          4         17          0          0         92   __printf_flags_ss_wp.o
        14          0          0          0          0         68   __printf_wp.o
         0          0          0          0          0          0   __rtentry.o
        12          0          0          0          0          0   __rtentry2.o
         6          0          0          0          0          0   __rtentry4.o
        94          8          0          0          0          0   __scatter.o
        28          0          0          0          0          0   __scatter_zi.o
        72          0          0          0          0         96   _c16rtomb.o
         6          0          0          0          0          0   _printf_a.o
         6          0          0          0          0          0   _printf_c.o
        44          0          0          0          0        108   _printf_char.o
        48          6          0          0          0         96   _printf_char_common.o
        40          0          0          0          0         68   _printf_charcount.o
         6          0          0          0          0          0   _printf_d.o
       120         16          0          0          0         92   _printf_dec.o
         6          0          0          0          0          0   _printf_e.o
         6          0          0          0          0          0   _printf_f.o
      1052          0          0          0          0        148   _printf_fp_dec.o
       764          8         38          0          0        100   _printf_fp_hex.o
       128         16          0          0          0         84   _printf_fp_infnan.o
         6          0          0          0          0          0   _printf_g.o
       148          4         40          0          0        160   _printf_hex_int_ll_ptr.o
         6          0          0          0          0          0   _printf_i.o
       178          0          0          0          0         88   _printf_intcommon.o
        10          0          0          0          0          0   _printf_l.o
         6          0          0          0          0          0   _printf_lc.o
        10          0          0          0          0          0   _printf_ll.o
         6          0          0          0          0          0   _printf_lld.o
         6          0          0          0          0          0   _printf_lli.o
         6          0          0          0          0          0   _printf_llo.o
         6          0          0          0          0          0   _printf_llu.o
         6          0          0          0          0          0   _printf_llx.o
       124         16          0          0          0         92   _printf_longlong_dec.o
         6          0          0          0          0          0   _printf_ls.o
         6          0          0          0          0          0   _printf_n.o
         6          0          0          0          0          0   _printf_o.o
       112          8          0          0          0        124   _printf_oct_int_ll.o
         6          0          0          0          0          0   _printf_p.o
        78          0          0          0          0        108   _printf_pad.o
         0          0          0          0          0          0   _printf_percent.o
         4          0          0          0          0          0   _printf_percent_end.o
         6          0          0          0          0          0   _printf_s.o
        82          0          0          0          0         80   _printf_str.o
        36          0          0          0          0         84   _printf_truncate.o
         6          0          0          0          0          0   _printf_u.o
        44          0          0          0          0        108   _printf_wchar.o
       188          6          8          0          0         92   _printf_wctomb.o
         6          0          0          0          0          0   _printf_x.o
        16          0          0          0          0         68   _snputc.o
       228          4        148          0          0         96   bigflt0.o
      1936        128          0          0          0        668   btod.o
        18          0          0          0          0         80   exit.o
         6          0          0          0          0        152   heapauxi.o
         0          0          0          0          0          0   indicate_semi.o
        44         10        272          0          0         76   lc_ctype_c.o
        44         10         28          0          0         76   lc_numeric_c.o
         2          0          0          0          0          0   libinit.o
        38          0          0          0          0          0   libinit2.o
         2          0          0          0          0          0   libshutdown.o
         2          0          0          0          0          0   libshutdown2.o
         8          4          0          0         96         68   libspace.o
       138          0          0          0          0         80   lludiv10.o
       112         18          0          0        228        160   rand.o
        16          4          0          0          0         76   rt_ctype_table.o
         8          4          0          0          0         68   rt_locale_intlibspace.o
       100          0          0          0          0         80   rt_memcpy_w.o
         2          0          0          0          0          0   rtexit.o
        10          0          0          0          0          0   rtexit2.o
        64          6          0          0          0         84   snprintf.o
       124          0          0          0          0         88   strcmpv7em.o
        62          0          0          0          0         76   strlen.o
        12          4          0          0          0         68   sys_exit.o
        74          0          0          0          0         80   sys_stackheap_outer.o
         2          0          0          0          0         68   use_no_semi.o
        26          0          0          0          0        116   fpinit.o
         4          0          0          0          0        116   printf1.o
         4          0          0          0          0        116   printf2.o
         0          0          0          0          0          0   usenofp.o
        48          0          0          0          0        124   fpclassify.o

    ----------------------------------------------------------------------
      7216        288        552          0        324       4640   Library Totals
        20          4          1          0          0          0   (incl. Padding)

    ----------------------------------------------------------------------

      Code (inc. data)   RO Data    RW Data    ZI Data      Debug   Library Name

      7114        284        551          0        324       4168   c_w.l
        34          0          0          0          0        348   fz_wm.l
        48          0          0          0          0        124   m_wm.l

    ----------------------------------------------------------------------
      7216        288        552          0        324       4640   Library Totals

    ----------------------------------------------------------------------

==============================================================================


      Code (inc. data)   RO Data    RW Data    ZI Data      Debug   

     10980        312       1288      12912        864      49140   Grand Totals
     10980        312       1288        860        864      49140   ELF Image Totals (compressed)
     10980        312       1288        860          0          0   ROM Totals

==============================================================================

    Total RO  Size (Code + RO Data)                12268 (  11.98kB)
    Total RW  Size (RW Data + ZI Data)             13776 (  13.45kB)
    Total ROM Size (Code + RO Data + RW Data)      13128 (  12.82kB)

==============================================================================

